*****************************************************
TMS340 COFF Linker           Version 6.10
*****************************************************
Sat Oct 14 01:02:12 2023

OUTPUT FILE NAME:   <NARC512.out>
ENTRY POINT SYMBOL: "SETUP"  address: ff900120


MEMORY CONFIGURATION

           name      origin     length     attributes     fill
         --------   --------   ---------   ----------   --------
         SCRATCH    01000000   000100000      RWIX      
         ROM        ff900000   000200000      RWIX      
         ROM1       ffd00000   00016e000      RWIX      
         ROM2       ffe6e000   000001000      RWIX      
         ROM3       ffe6f000   000008000      RWIX      
         TRAP31     ffeffc00   000000400      RWIX      


SECTION ALLOCATION MAP

 output                                  attributes/
section   page    origin      length       input sections
--------  ----  ----------  ----------   ----------------
VECTORS    0    ffeffc00    00000400     
                  ffeffc00    00000400     NARC.OBJ (VECTORS)

POWERON    0    ffe6e000    00000620     
                  ffe6e000    00000620     NARC.OBJ (POWERON)

DISPTEXT   0    ffe6f000    00007450     
                  ffe6f000    00007450     NDSP1.OBJ (DISPTEXT)

FIXED      0    01000000    00000040     
                  01000000    00000040     MPROC.OBJ (FIXED)

OFIXED     0    01000040    00000080     
                  01000040    00000080     NDSP1.OBJ (OFIXED)

NFIXED     0    010000c0    00000140     
                  010000c0    00000140     NARCRAM.OBJ (NFIXED)

.BSS       0    01000200    00000000     UNINITIALIZED

.bss       0    01000200    000e0650     UNINITIALIZED
                  01000200    00000130     NARC.OBJ (.bss)
                  01000330    00000010     NARC1.OBJ (.bss)
                  01000340    00001010     NARC1A.OBJ (.bss)
                  01001350    000000c0     NARCBGND.OBJ (.bss)
                  01001410    00000020     NARCGANG.OBJ (.bss)
                  01001430    00000010     NARCHYPO.OBJ (.bss)
                  01001440    00000030     NARCHOOK.OBJ (.bss)
                  01001470    00000030     NARCBUG.OBJ (.bss)
                  010014a0    000001d0     NARCMBIG.OBJ (.bss)
                  01001670    000064a0     NARCMUGS.OBJ (.bss)
                  01007b10    00000020     NARCRAMB.OBJ (.bss)
                  01007b30    00000020     NARCHEAD.OBJ (.bss)
                  01007b50    00000020     NARCATT.OBJ (.bss)
                  01007b70    00013620     NARCRAM.OBJ (.bss)
                  0101b190    00000010     NARCENT.OBJ (.bss)
                  0101b1a0    00000010     NARCSPRY.OBJ (.bss)
                  0101b1b0    000000b0     NARCHELP.OBJ (.bss)
                  0101b260    00000060     NARCTEST.OBJ (.bss)
                  0101b2c0    00000050     NARCMENU.OBJ (.bss)
                  0101b310    0003b130     MPROC.OBJ (.bss)
                  01056440    0008a210     NDSP1.OBJ (.bss)
                  010e0650    00000200     GSPSND.OBJ (.bss)

SYSWORK    0    010e0850    00000000     UNINITIALIZED

.text      0    ff900000    001e54a0     
                  ff900000    00011970     NARC.OBJ (.text)
                  ff911970    00010600     NARC1.OBJ (.text)
                  ff921f70    0000fa40     NARC1A.OBJ (.text)
                  ff9319b0    00010f20     NARCBGND.OBJ (.text)
                  ff9428d0    0000bc10     NARCBULL.OBJ (.text)
                  ff94e4e0    0000a650     NARCLOOT.OBJ (.text)
                  ff958b30    00009580     NARC6.OBJ (.text)
                  ff9620b0    0000ef90     NARCPIMP.OBJ (.text)
                  ff971040    0000d480     NARCGANG.OBJ (.text)
                  ff97e4c0    0000d110     NARCHYPO.OBJ (.text)
                  ff98b5d0    00004f30     NARCNDLE.OBJ (.text)
                  ff990500    00006520     NARCHOOK.OBJ (.text)
                  ff996a20    00003ff0     NARCDYNA.OBJ (.text)
                  ff99aa10    00009190     NARCBUG.OBJ (.text)
                  ff9a3ba0    00010b90     NARCMBIG.OBJ (.text)
                  ff9b4730    00008f90     NARCUTIL.OBJ (.text)
                  ff9bd6c0    00000b00     NARCMATH.OBJ (.text)
                  ff9be1c0    00012010     NARCMUGS.OBJ (.text)
                  ff9d01d0    0000e020     NARCRAMB.OBJ (.text)
                  ff9de1f0    00002fb0     NARCFLAM.OBJ (.text)
                  ff9e11a0    00018910     NARCHEAD.OBJ (.text)
                  ff9f9ab0    0000eb80     NARCHEDA.OBJ (.text)
                  ffa08630    000069b0     NARCCARS.OBJ (.text)
                  ffa0efe0    00005240     NARCCAD.OBJ (.text)
                  ffa14220    00009130     NARCPORS.OBJ (.text)
                  ffa1d350    00002dd0     NARCMINE.OBJ (.text)
                  ffa20120    0000c320     NARCDOOR.OBJ (.text)
                  ffa2c440    000021f0     NARCCANS.OBJ (.text)
                  ffa2e630    00002ff0     NARCATT.OBJ (.text)
                  ffa31620    00003400     NARCOL.OBJ (.text)
                  ffa34a20    00014e80     NARCPLAY.OBJ (.text)
                  ffa498a0    000025a0     NARCMISC.OBJ (.text)
                  ffa4be40    00001590     NARCPALL.OBJ (.text)
                  ffa4d3d0    0000e800     NARCCHOP.OBJ (.text)
                  ffa5bbd0    00007fe0     NARCSCOR.OBJ (.text)
                  ffa63bb0    00003610     NARCRIME.OBJ (.text)
                  ffa671c0    000074c0     NARCDUMP.OBJ (.text)
                  ffa6e680    0000a470     NARCLOWN.OBJ (.text)
                  ffa78af0    00006d10     NARCDOG.OBJ (.text)
                  ffa7f800    00005c90     NARCENT.OBJ (.text)
                  ffa85490    000157d0     NARCSPRY.OBJ (.text)
                  ffa9ac60    00004d30     NARCHSTD.OBJ (.text)
                  ffa9f990    00009e90     NARCHELP.OBJ (.text)
                  ffaa9820    000095c0     NARCTEST.OBJ (.text)
                  ffab2de0    0000a2a0     NARCMENU.OBJ (.text)
                  ffabd080    00004680     NARCADJ.OBJ (.text)
                  ffac1700    000005a0     NARCDATA.OBJ (.text)
                  ffac1ca0    000213e0     NARCDATB.OBJ (.text)
                  ffae3080    00001280     MPROC.OBJ (.text)
                  ffae4300    000011a0     GSPSND.OBJ (.text)

.TEXT      0    ffae54a0    00000000     UNINITIALIZED

.data      0    ffd00000    00157750     
                  ffd00000    000001e0     NARC1.OBJ (.data)
                  ffd001e0    00000580     NARC1A.OBJ (.data)
                  ffd00760    00000f80     NARC6.OBJ (.data)
                  ffd016e0    00001f80     NARCPIMP.OBJ (.data)
                  ffd03660    00001180     NARCGANG.OBJ (.data)
                  ffd047e0    00001300     NARCHYPO.OBJ (.data)
                  ffd05ae0    00000f00     NARCHOOK.OBJ (.data)
                  ffd069e0    00000d00     NARCBUG.OBJ (.data)
                  ffd076e0    00001680     NARCMBIG.OBJ (.data)
                  ffd08d60    00000800     NARCMUGS.OBJ (.data)
                  ffd09560    00000e80     NARCRAMB.OBJ (.data)
                  ffd0a3e0    00003d80     NARCHEDA.OBJ (.data)
                  ffd0e160    000071d0     NARCCAD.OBJ (.data)
                  ffd15330    00005260     NARCPORS.OBJ (.data)
                  ffd1a590    00003980     NARCCHOP.OBJ (.data)
                  ffd1df10    00001600     NARCDUMP.OBJ (.data)
                  ffd1f510    00002980     NARCLOWN.OBJ (.data)
                  ffd21e90    00001500     NARCDOG.OBJ (.data)
                  ffd23390    00034e70     NARCPAL.OBJ (.data)
                  ffd58200    00002290     NARCSND.OBJ (.data)
                  ffd5a490    00000200     NARCENT.OBJ (.data)
                  ffd5a690    00015dc0     NARCMENU.OBJ (.data)
                  ffd70450    0000c010     NARCADJ.OBJ (.data)
                  ffd7c460    00008f40     NARCTEXT.OBJ (.data)
                  ffd853a0    000095e0     NARCANIM.OBJ (.data)
                  ffd8e980    00030520     NARCDATA.OBJ (.data)
                  ffdbeea0    000037c0     NARCDATB.OBJ (.data)
                  ffdc2660    000048d0     NARCBLIP.OBJ (.data)
                  ffdc6f30    0003d9b0     BGNDTBL.OBJ (.data)
                  ffe048e0    00052e70     BGNDPAL.OBJ (.data)

.DATA      0    ffe57750    00000000     UNINITIALIZED

img_tbl    0    ffe57750    0000ae80     
                  ffe57750    0000ae80     IMGTBL.OBJ (img_tbl)


GLOBAL SYMBOLS

address  name                             address  name
-------- ----                             -------- ----
01000200 .bss                             00000003 ROM_LEV
ffd00000 .data                            00000004 RTR_LEV
ff900000 .text                            00000009 G1SEL
ffa9cdf0 A2_CHECK                         0000000d F1SEL
ff9ba1c0 ABSADD                           00000033 CS_ENTS
ff9ba0a0 ABSDEC                           00000040 INDIAG
ff9ba040 ABSINC                           01000000 ACTIVE
ff9b9f90 ABSMAX                           01000020 FREE
ff9ba110 ABSSUB                           01000040 OBJLST
01000000 ACTIVE                           01000060 OFREE
ff913350 ADDBB                            01000080 BAKLST
ff91d700 ADDBUCKS                         010000a0 BAK2LST
ffa5ec20 ADDBULL                          010000c0 BBACTIVE
ffa5ece0 ADDBUST                          010000e0 BBFREE
ff9017c0 ADDBUY                           01000100 BACKSLST
ffa5ff60 ADDCARDB                         01000120 PLAYER_BULLETS
ffa5ffe0 ADDCARDG                         01000140 ENEMY_BULLETS
ffa5ffa0 ADDCARDR                         01000160 ENEMIES
ffa5ff20 ADDCARDS                         01000180 PLAYERS
ff91da90 ADDCLIPS                         010001a0 BOOTY
ffa60020 ADDCRDGR                         010001c0 CARLIST
ff91d830 ADDDRUGS                         010001e0 EXPLOSIONS
ffe61550 ADDISON                          01000200 .bss
ffa5e6d0 ADDLIFE                          01000200 SCRL_GO
ffa5e850 ADDMRBIG                         01000210 SCRL_SRT
ffa5ec30 ADDNBULL                         01000220 SCRL_END
ffa5ecf0 ADDNBUST                         01000230 SCRL_DIV
ffa5ea90 ADDNNRGY                         01000240 SCRL_DIR
ffa5eb60 ADDROCK                          01000250 SCRL_FRC
ff91d960 ADDROCKS                         01000270 Y_CORR
ff9149e0 ADDSBOBJ                         01000290 FADE_RAM
ff914a70 ADDSUPP                          010002e0 SURVCNT
ffaa7b30 ADD_DUMP                         01000330 NOAUTOE
ffe72410 ADJNEWTL                         01007b00 CRIMEPAL
ffe722c0 ADJSTWTL                         01007b70 RAND
ffaa5700 ADJ_PAGE                         01007b90 SWSTACK
ffd59940 ALARMSND                         01007bb0 SWTEMP1
ffddb870 ALLEY2ABMOD                      01007bd0 SWTEMP2
ffddbb40 ALLEY2BMOD                       01007bf0 SWSTMN
ffddb990 ALLEY3BMOD                       01007cf0 SWSTST
ffddbc60 ALLEYBMOD                        01007cf0 PSWTMP1
ffd5a370 ALLOFF                           01007d00 SYSCOPY
ffa9ac60 ALL_TAB                          01007d10 INTSYNC0
ffd84c10 AMMOMSG                          01007d20 INTSYNC1
ffe72f20 ANI2                             01007d30 FPALRAM
ff9215c0 ANIMATOR                         01007d30 PALRAM
ffe72f60 ANI                              01007f10 BPALRAM
ff9217b0 ANIMATCK                         01008330 PTRRAM
ffab95b0 ANY_BUT                          01008730 CURPAL
ffab06a0 AREUSURE                         01008740 PIXQUEUE
ffe5d250 ARMDR1                           0100b300 PIXQHEAD
ffe5d2d0 ARMDR2                           0100b300 PIXQEND
ffe5d350 ARMDR3                           0100b320 PIXQTAIL
ffd2e650 ARMDRPAL                         0100b340 PIXQVAL
ffe5c7d0 ARROWDN                          0100b350 COLRTEMP
ffa2e630 ATSTRT                           0100b4e0 SKYCOLOR
ffa2f0c0 ATTPLAY                          0100b4e0 COLRTEND
ff92bc30 AUDPLWAV                         0100b4f0 IRQSKYE
ffaa4e60 AUD1                             0100b500 PREVZ
ffaa4d50 AUD                              0100b520 BEATCNT
ff922590 AUTOEOFF                         0100b530 P1DATA
ff9226c0 AUTOEON                          0100b910 P2DATA
01000100 BACKSLST                         0100bcf0 GAMSTATE
0101b1b0 BAD_AUD                          0100bcf0 NRAMSTRT
0100d160 BAK2BITS                         0100bd00 PLAYPAGE
010000a0 BAK2LST                          0100bd10 PLAYCAR
0100d380 BAK2MODS                         0100bd10 GRAMSTRT
01056540 BAK2TLX                          0100bd30 PCZEROCT
01056520 BAK2TLY                          0100bd40 PCBSNDF
0100c160 BAKBITS                          0100bd50 PCRSNDF
01000080 BAKLST                           0100bd60 PCSPINH
0100d360 BAKMODS                          0100bd70 PCZEROY
010178f0 BAKSTAKE                         0100bd80 P1CTRL
010178d0 BAKSTAKP                         0100bd90 P2CTRL
01019540 BAKSTAKS                         0100bda0 PUPDATE
ff9e88c0 BASECOLL                         0100bdb0 NPLYRS
ffd0a6e0 BASEskl                          0100bdc0 WAVE
ff920980 BASFRM                           0100bdd0 CRIMENO
010000c0 BBACTIVE                         0100bde0 SOUNDSUP
010000e0 BBFREE                           0100bdf0 GOALCARD
ff9131e0 BBINIT                           0100be00 GOALDOOR
ffd58860 BBITESND                         0100c090 LOOPWAVE
0100d8c0 BBLOCKS                          0100c0a0 LOOPBACK
ff93d0c0 BBOFSCRN                         0100c0c0 LOOPDISP
ff913ff0 BBWIPE                           0100c0e0 SCRLBIAS
0100c0f0 BCCOUNT                          0100c0f0 BCCOUNT
ffa89ad0 BCDBIN                           0100c100 DCCOUNT
ff94c5e0 BCOLDCAN                         0100c110 WRAMSTRT
ff94c560 BCOLDDMP                         0100c110 WAVETIME
ff94c660 BCOLDPST                         0100c120 BUYNOW
ff94c6a0 BCOLDSID                         0100c130 GLASSCNT
ff94c220 BCOLL1                           0100c140 DOPESYM
0100b520 BEATCNT                          0100c160 BAKBITS
ffe613d0 BENCHL                           0100d160 BAK2BITS
ffe61450 BENCHM                           0100d360 BAKMODS
ffe614d0 BENCHR                           0100d380 BAK2MODS
ffe5a350 BGDF1C                           0100d3a0 BGNAME
ffe5a3d0 BGDF2C                           0100d3c0 BGMUSIC
ffe5a450 BGDF3C                           0100d3e0 BGINIT
ffe5a4d0 BGDF4C                           0100d400 CARDHOLD
ffe5b1d0 BGDTHF1                          0100d410 XSCROLLS
ffe5b650 BGDTHF10                         0100d420 PLYMIN
ffe5b6d0 BGDTHF11                         0100d430 PLYMAX
ffe5b750 BGDTHF12                         0100d440 PLZMIN
ffe5b7d0 BGDTHF13                         0100d450 PLZMAX
ffe5b850 BGDTHF14                         0100d460 PLZMID
ffe5b8d0 BGDTHF15                         0100d470 PSZMIN
ffe5b250 BGDTHF2                          0100d480 PSZMAX
ffe5b2d0 BGDTHF3                          0100d490 PSZMID
ffe5b350 BGDTHF4                          0100d4a0 UNIVEND
ffe5b3d0 BGDTHF5                          0100d4b0 UNIVSTX
ffe5b450 BGDTHF6                          0100d4c0 UNIVSTY
ffe5b4d0 BGDTHF7                          0100d4d0 UNIVENDX
ffe5b550 BGDTHF8                          0100d4e0 UNIVENDY
ffe5b5d0 BGDTHF9                          0100d4f0 GAMERASE
0100d3e0 BGINIT                           0100d500 DRUGCNT
0100d3c0 BGMUSIC                          0100d500 DIFRAM
0100d3a0 BGNAME                           0100d510 BUCKCNT
ff940590 BGNDHGHT                         0100d520 ROCKCNT
ff9411a0 BGND_UD1                         0100d530 CLIPCNT
ff941440 BGND_UD2                         0100d540 gangbmax
ffdefca0 BIGBANKBMOD                      0100d550 gangrock
ffdefdc0 BIGBLDLBMOD                      0100d560 gangmgun
ffdefd30 BIGBLDRBMOD                      0100d570 gangfrck
ff9b3c60 BIGBULL                          0100d580 hypomax
ffe5c850 BIGDOOR1                         0100d590 hypodrug
ffe5c8d0 BIGDOOR2                         0100d5a0 hypobrain
ffe5c950 BIGDOOR3                         0100d5b0 hypofire
ffdefe50 BIGEL1BMOD                       0100d5c0 hyposfir
ffdefee0 BIGFLR10BMOD                     0100d5d0 pimpmax
ffdef0d0 BIGFLR10SBMOD                    0100d5e0 pimpbuck
ffdef9d0 BIGFLR1BMOD                      0100d5f0 pimpbrain
ffdef040 BIGFLR1SBMOD                     0100d600 pimpthr1
ffdef8b0 BIGFLR3BMOD                      0100d610 pimpthr2
ffdef820 BIGFLR4BMOD                      0100d620 pimpfbal
ffdeefb0 BIGFLR4SBMOD                     0100d630 rambmax
ffdef790 BIGFLR5BMOD                      0100d640 rambbrain
ffdef700 BIGFLR6BMOD                      0100d650 rambdrug
ffdef670 BIGFLR7BMOD                      0100d660 bugmax
ffdef5e0 BIGFLR8BMOD                      0100d670 mbigbrain
ffdef1f0 BIGFLR8SBMOD                     0100d680 mbigfire
ffdef550 BIGFLR9BMOD                      0100d690 DUMPMAX
ffdef160 BIGFLR9SBMOD                     0100d6a0 DUMPSPD
ffdef940 BIGFLRBMOD                       0100d6b0 DUMPBTT
ffe1f6c0 BIGFRAME                         0100d6c0 DUMPSHT
ffa2b060 BIGINCOL                         0100d6d0 CLWNMAX
ffac4930 BIGOBAK                          0100d6e0 CLWNSPD
ffd96de0 BIGODSP                          0100d6f0 CLWNSHT
ffe44590 BIGncar                          0100d700 LOFMAX
ffa89930 BINBCD                           0100d710 LOFFIRE
ffe58fd0 BLAM1                            0100d720 CHOPRB
ffe59050 BLAM2                            0100d730 DOGMAX
ffe590d0 BLAM3                            0100d740 DOGSPD
ffe59150 BLAM4                            0100d750 LOFCNT
ffe591d0 BLAM5                            0100d750 ENDIFRAM
ffe59250 BLAM6                            0100d750 ECNTRS
ffe592d0 BLAM7                            0100d760 LOFWAIT
ffe59350 BLAM8                            0100d770 JRHYCNT
ffd84f50 BLANKMSG                         0100d780 HOOKCNT
ffa5c4b0 BLIPOFF                          0100d790 PIMPCNT
ffa5c690 BLIPON                           0100d7a0 DUMPCNT
ff915570 BLNKAREA                         0100d7b0 KNAPCNT
ffaafe90 BLNKHELP                         0100d7c0 GANGCNT
ffac5970 BLUEBAK                          0100d7d0 MBIGCNT
ffa24c50 BLUEDP                           0100d7e0 BUGCNT
ffac2d80 BLUEDSP                          0100d7f0 RAMBCNT
ffd4c510 BLUELAB                          0100d800 CADCNT
ffe5c150 BLUETYPE                         0100d810 PORCNT
ffe5bed0 BLUEcard                         0100d820 CHOPCNT
ffe24890 BLUEesca                         0100d830 DOGCNT
ffe55870 BLUEsq2                          0100d840 SLPRAMBS
ffe54860 BLUEsq3                          0100d850 SLPBUGS
ffe56720 BLUEsquar                        0100d860 SLPHYPOS
ffd58760 BNCESND                          0100d870 SLPPIMPS
ffd58d20 BOMBSND                          0100d880 SLPMBIGS
ffd592f0 BONCLSND                         0100d890 SLPGANGS
ffd592b0 BONCSND                          0100d8a0 SLPHOOKS
ff9ff540 BONEINI                          0100d8b0 PCHOPCNT
ff92c1e0 BONUSCR                          0100d8c0 ECNTEND
ffddc290 BOOK1BMOD                        0100d8c0 BBLOCKS
ffd0a9e0 BOOM5a                           010178c0 DEATHCNT
ffd0aa60 BOOM5b                           010178d0 GRAMEND
ffd0aae0 BOOM5c                           010178d0 BAKSTAKP
ffd0ab60 BOOM6                            010178d0 WRAMEND
010001a0 BOOTY                            010178f0 BAKSTAKE
ff926940 BOTHPON                          01019540 BAKSTAKS
010565a0 BOTQ0CNT                         01019540 OBJSTAKP
01095620 BOTQ0                            01019560 OBJSTAKE
010565e0 BOTQ0FLG                         0101ae60 OBJSTAKS
010a4620 BOTQ1                            0101ae60 STRNGRAM
010565b0 BOTQ1CNT                         0101afa0 NRAMEND
010565f0 BOTQ1FLG                         0101afa0 BTIME
ff912f20 BOUNCER                          0101afb0 TVPATCH
ff958ee0 BOZCHK                           0101b190 SPRAYS
ff954c60 BOZOCARD                         0101b190 TVPATCHX
01007f10 BPALRAM                          0101b1b0 BAD_AUD
ff9ff080 BRECOIL                          0101b1f0 C_FLAGS
ff9ff0d0 BRECOILF                         0101b260 MAIN_RET
ffe16370 BRIDGE                           0101b270 GMENULEV
ffddd4e0 BRIDGE2BMOD                      0101b280 SND_MADE
ffddd570 BRIDGEBMOD                       0101b290 NO_CLEAR
ffddb900 BRIDGENDBMOD                     0101b2a0 LAST_BUT
ffe17060 BRIDPALS                         0101b2d0 SCODE
ff93da10 BSCHKG                           0101b2e0 DCODE
ff93f340 BSTOP                            0101b310 TIMER
0101afa0 BTIME                            0101b330 OVERLOAD
ffdc3a20 BUCKBLIP                         0101b340 PRCSTR
0100d510 BUCKCNT                          01056440 SCROLLX
ff955b20 BUCKCOLD                         01056460 SCROLLY
ffd90480 BUGBAIT                          01056480 WORLDTLX
ffa48bc0 BUGBITE                          010564a0 WORLDTLY
ffdc5120 BUGBLIP                          010564c0 WORLDTL
ff9a3400 BUGBURN                          010564e0 SCRNTL
0100d7e0 BUGCNT                           01056500 SCRNLR
ff99b0d0 BUGCOLD                          01056520 BAK2TLY
ffd58820 BUGHTSND                         01056540 BAK2TLX
ffac4c70 BUGRBAK                          01056560 QSYNC
ffd9a150 BUGRDSP                          01056570 DMAQCUR
ffa2b2a0 BUGRMCOL                         01056590 DMAQCNT
ffab7450 BUILD_ST                         010565a0 BOTQ0CNT
ffe61750 BULLET45                         010565b0 BOTQ1CNT
ffe616d0 BULLETE                          010565c0 TOPQ0CNT
ffe61650 BULLET                           010565d0 TOPQ1CNT
ffa48800 BULLHIT                          010565e0 BOTQ0FLG
ff944300 BULLRET1                         010565f0 BOTQ1FLG
ff94c390 BULLRET2                         01056600 TOPQ0FLG
ffd59230 BULLRSND                         01056610 TOPQ1FLG
ff90ff60 BURN_IN                          01056620 OBJSTR
ff952ab0 BUSTAMP                          01095620 BOTQ0
ffd593b0 BUSTBONS                         010a4620 BOTQ1
ffe59d50 BUSTED                           010b3620 TOPQ0
ffe59cd0 BUSTICON                         010c2620 TOPQ1
ffd59370 BUSTSND                          010e0620 DISPLAYON
ff928500 BUYINLP                          010e0850 end
ff928040 BUYINWIN                         ff900000 .text
0100c120 BUYNOW                           ff900120 SETUP
ff929c70 BWAITCLD                         ff900370 WARMSET
ffaabe80 B_MENU                           ff900970 MAINLP
ffa02460 BlowSkul                         ff9017c0 ADDBUY
ff9b52f0 BulToDat                         ff901910 NRAMINIT
ff9ba850 BullSlp                          ff901a30 WRAMINIT
ffdc2660 CADBLIP                          ff902f10 WIPEOUT
0100d800 CADCNT                           ff904130 MASTERDP
ffa0efe0 CADCOLD                          ff9041e0 MASTERG
ffa0f0b0 CADDISP                          ff905090 TESTDISP
ffa0f210 CADDY                            ff905290 GAMEOVER
ffd58ee0 CADHORN                          ff905670 GAMEDETH
ffd58f20 CADSHLD                          ff905e40 CLRPLAY
ffe584d0 CAN1                             ff906420 CLRBUYIN
ffe58550 CAN2                             ff906590 CLRMBIGS
ffe585d0 CAN3                             ff9066f0 CLRGCARD
ffd58540 CANBCSND                         ff9068b0 WAVBONUS
ffa2e210 CANCOLL                          ff90ef90 GETWAVE
ffa2df20 CANEXCOL                         ff90f710 DUMDIE
ffd584c0 CANSMSND                         ff90fa00 ERRORLOG
ffd58500 CANWPSND                         ff90fda0 ROM_CHK
ffa0dc70 CARADDY                          ff90fe10 SW_CHK
ffa74d00 CARCHK                           ff90fe80 COL_BARS
ff91b610 CARDCHEK                         ff90fef0 CROSS_H
ff954e10 CARDCOLD                         ff90ff60 BURN_IN
0100d400 CARDHOLD                         ff90ffc0 CPU_CHK
ffd594c0 CARDSND1                         ff910ad0 SWTAB
ffd59500 CARDSND2                         ff9119a0 GPALOBJ
ffa08630 CARINIT                          ff911a70 GBPALOBJ
010001c0 CARLIST                          ff911b40 SHVELCPY
ffd58fe0 CARREVR                          ff911c50 SHVELFLP
ffa0de40 CARSCRTST                        ff911c90 FLP
ffa0dbb0 CARSETZ                          ff911cf0 OBJOFF
ffa0a0b0 CARSTOP                          ff911d90 OBJON
ffa0aff0 CARTNKC                          ff911e40 XZCHK
ffa0ad90 CARTNKO                          ff911fe0 CLRPDATA
ffa09cb0 CARXVEL                          ff9120e0 DFRMGRND
ffa09de0 CARYVEL                          ff9121c0 GETBOTY
ffa09b20 CARYZVEL                         ff912250 GETCPNT
ffa09f10 CARZVEL                          ff912340 GETCENT
ffab38c0 CASHBUT                          ff912410 GETSCRRX
ffe5d850 CASHMACH                         ff9124d0 GETANIX
ffd84a00 CASHMSG                          ff912620 GETZMID
ffd59330 CASHSND                          ff912730 CLRWORLD
ffaa68a0 CAT_A0                           ff912990 GETSCRBY
ffa34310 CBDETECT                         ff912a50 SETZPOS
ffaa0890 CCOIN                            ff912ad0 SETYFRMZ
ffa09410 CDELALL                          ff912bd0 SETTZPOS
ffe5ead0 CDOOR1                           ff912d20 MAKSHAD
ffe5eb50 CDOOR2                           ff912d60 OFLASH
ffe5ebd0 CDOOR3                           ff912f20 BOUNCER
ffe5ec50 CDOOR4                           ff913110 SLINEVEL
ffe5ecd0 CDOOR5                           ff9131e0 BBINIT
ffa34790 CEBDETCT                         ff913350 ADDBB
ffa34110 CEDETECT                         ff9135d0 DELBB
ff946c20 CEXPLODE                         ff9136a0 ISBB
ffd58d60 CEXSND1                          ff913740 FINDBB
ffd58da0 CEXSND2                          ff913b90 ISBBID
ffa0abb0 CFLIPART                         ff913cd0 ISBBBLP
ffe5e5d0 CFRAG1                           ff913df0 DELBBOBJ
ffe5e650 CFRAG2                           ff913ff0 BBWIPE
ffe5e6d0 CFRAG3                           ff914160 MYOINIT
ffe5e750 CFRAG4                           ff9142c0 MYOINITF
ffe5e7d0 CFRAG5                           ff9143c0 MYOINITB
ffd12860 CFSHRAPA                         ff914810 SLSTINIT
ffd13a50 CFSHRAPB                         ff9149e0 ADDSBOBJ
ffddc560 CHECKSBMOD                       ff914a70 ADDSUPP
ffe54760 CHEMPALS                         ff914ac0 DELSBOBJ
ffa2af40 CHINACOLL                        ff914b50 DELSUPP
ffe5d0d0 CHINADR1                         ff914e00 ISSUPP
ffe5d150 CHINADR2                         ff914ef0 ISSUPPID
ffe5d1d0 CHINADR3                         ff915020 CNTSUPP
ffd2d9a0 CHINAPAL                         ff915100 RANDOM
ff919d70 CHKRANGE                         ff915260 RANDU
ffaab050 CHK_CMOS                         ff9152f0 SRAND
ff9fa630 CHNKTBL1                         ff9153a0 RANGRAND
ff9fa910 CHNKTBL2                         ff915470 RANDPER
ff9faab0 CHNKTBL3                         ff915540 FILLAREA
ff9faed0 CHNKTBL4                         ff915570 BLNKAREA
ff9fafd0 CHNKTBL5                         ff915660 LOADATAB
ff9ff400 CHNKTINI                         ff9156d0 PFRAME
ffa556c0 CHOFCOLD                         ff9157d0 CKOUTOFX
ffda13f0 CHOPBAK                          ff915950 CKBOUNDS
ffdc5440 CHOPBLIP                         ff915ca0 CKZBOUND
0100d820 CHOPCNT                          ff915ea0 CKZADJST
ffa4d3d0 CHOPCOLD                         ff9160b0 CKZAMIN
ffd59900 CHOPCRUZ                         ff916290 PSTOP
ffa4d650 CHOPDISP                         ff9162c0 PSTOPX
ffd9c9c0 CHOPDSP                          ff916390 PSTOPZ
ffa58d10 CHOPINTR                         ff916550 PSTOPYZ
0100d720 CHOPRB                           ff916660 YFLP
ffa4d4a0 CHOPST                           ff9166e0 NOYFLP
ffa2b570 CHOPWCOL                         ff9167d0 PSWLR
ffa55790 CHORCOLD                         ff916820 SYNCUP
ff9ff2c0 CHUNKINI                         ff9168d0 SYNCHALF
ffe048e0 CITYPAL1                         ff916930 SYNCFULL
ffe058f0 CITYPAL2                         ff9169f0 DTIME
ff915950 CKBOUNDS                         ff916af0 DMAN
ff91a6f0 CKBUST                           ff916b20 DMAWAIT
ffa0ed80 CKCRESET                         ff916ba0 DMAQWAIT
ffa3fdb0 CKLBADJ                          ff916d00 DMAHALT
ffa3fa40 CKLXBND                          ff916d80 CMAPRS
ffa3fc40 CKLZBND                          ff916d90 CMAPSL
ff91abb0 CKMAXBST                         ff916e20 CRINIT
ffa33730 CKOBJXY                          ff916f00 CRLOAD
ff9157d0 CKOUTOFX                         ff917010 SCRCLR
ffab2ff0 CKPROMPT                         ff917020 SCRFIL
ffae5200 CKSNDPRI                         ff917130 LAST2CLR
ff920770 CKYBOUND                         ff917180 SETPPROC
ff915ea0 CKZADJST                         ff9172b0 CLR_SCRN
ff9160b0 CKZAMIN                          ff9172b0 clr_scrn
ff915ca0 CKZBOUND                         ff917490 ENINITUL
ffaabdd0 CK_DOOR                          ff917500 ENINITLL
ffaa1c60 CK_MAX                           ff917580 ENINIT
ffa0cb30 CLEFT180                         ff9175f0 ESINITUL
ffa0c7f0 CLEFT360                         ff917660 ESINITLL
ffd58b60 CLENSND                          ff9176e0 ESINIT
ffdc3aa0 CLIPBLIP                         ff917b70 GETDOOR
0100d530 CLIPCNT                          ff917e00 CLOZDOOR
ffe70040 CLIPOBJ                          ff917ef0 DOORRITE
ff949de0 CLIPRYTE                         ff917ff0 OUTDOOR
ffd59430 CLIPSND                          ff918420 DOOROPEN
ffa6e680 CLNSNDST                         ff9188c0 DOORCLOZ
ffd84e68 CLOS1MSG                         ff919220 GETCPLY
ffd84ee0 CLOS2MSG                         ff9195c0 SELCTPLY
ffa62d10 CLOSCALL                         ff9196c0 INPYRNG
ffdfcb70 CLOUDBMOD                        ff9197c0 INPXRNG
ff917e00 CLOZDOOR                         ff919900 GPLAYERD
ffa4c3e0 CLRBPAL                          ff919a20 GETPBOTY
ff906420 CLRBUYIN                         ff919b10 FACEPLYR
ffa4c350 CLRFPAL                          ff919c60 GETPLYR
ff9066f0 CLRGCARD                         ff919d70 CHKRANGE
ffa240d0 CLRGOAL                          ff919df0 GETPCENT
ff906590 CLRMBIGS                         ff919ff0 MOVEINPX
ffa61df0 CLRMESS                          ff91a0f0 MVAWAYPX
ff9ba7a0 CLROBJ                           ff91a270 MOVEINPY
ffa4c210 CLRPAL                           ff91a350 ISPBULLT
ff911fe0 CLRPDATA                         ff91a5b0 WHICHSID
ff905e40 CLRPLAY                          ff91a6f0 CKBUST
ffae4300 CLRSNDDB                         ff91abb0 CKMAXBST
ff912730 CLRWORLD                         ff91ac90 GBUST
ffaa4a60 CLR_AUDR                         ff91b2c0 DROPSTUF
ffaa4ee0 CLR_AUD                          ff91b610 CARDCHEK
ff9172b0 CLR_SCRN                         ff91b830 WENDIE
ffaa49d0 CLR_SUBS                         ff91c160 WEND3
ffa0b670 CLTURN                           ff91c2f0 WROCK
ffdc3b50 CLWNBLIP                         ff91c920 WEXPD
ffa6e8d0 CLWNCOLD                         ff91d700 ADDBUCKS
ffa784f0 CLWNCRM1                         ff91d830 ADDDRUGS
0100d6d0 CLWNMAX                          ff91d960 ADDROCKS
0100d6f0 CLWNSHT                          ff91da90 ADDCLIPS
0100d6e0 CLWNSPD                          ff91dbc0 DELENEMY
ffac4e10 CLWRBAK                          ff91dcc0 GRUNTRND
ffd98e10 CLWRDSP                          ff91de80 GETLZVEL
ffa2b330 CLWRMCOL                         ff91df90 GETYZVEL
ff916d80 CMAPRS                           ff91e460 GCUBEVEL
ff916d90 CMAPSL                           ff91e910 GIBOX
ffaa4f90 CMOS_VAL                         ff91ebe0 MAXIMUM
ffa098e0 CNEWPAL                          ff91ec40 MINIMUM
ff915020 CNTSUPP                          ff91eca0 MAKTPROC
ffaa4240 COIN_PAG                         ff91eee0 TRAJEC
ffd30220 COLMNPAL                         ff91f1e0 TRAJEC1
ffa4aab0 COLRSTRT                         ff91f7b0 DBOUNCE
0100b350 COLRTEMP                         ff91fc30 DTBOUNCE
0100b4e0 COLRTEND                         ff9202f0 DSINK
ffa33230 COLSCAN1                         ff920430 ESINK
ffe5cfd0 COLUMN1                          ff920510 OSINK
ffe5d050 COLUMNB                          ff920710 DUMCOLL
ff90fe80 COL_BARS                         ff920740 DUMRTSG
ffaaabe0 COL_INST                         ff920770 CKYBOUND
ff922920 COPYOBJ                          ff920910 GSCRIPT
ffd84830 COPYRMSG                         ff920980 BASFRM
ffa339f0 CPCOLADJ                         ff920a30 EFRAME
ff90ffc0 CPU_CHK                          ff920b90 FRANIM
ffa61a50 CRCMESS                          ff9215c0 ANIMATOR
ff9c0e00 CRDTPAGE                         ff9217b0 ANIMATCK
ffaa23a0 CRD_SCRN                         ff921b90 SCRKIL
ffe51910 CREAM1                           ff921f70 MUSICSYN
ffaa1f10 CRED_P                           ff9221c0 XPALETTE
ffa0e640 CRESET                           ff9223b0 XCOLOR
01007b00 CRIMEPAL                         ff922590 AUTOEOFF
ffa63cf0 CRIME                            ff9226c0 AUTOEON
0100bdd0 CRIMENO                          ff922830 MAKOBJZ
ff916e20 CRINIT                           ff922920 COPYOBJ
ff916f00 CRLOAD                           ff922a70 STRLNRM
ff90fef0 CROSS_H                          ff922ae0 STRCNRM
ffa0b250 CRTURN                           ff922b50 STRRNRM
ffa0ca30 CRYTE180                         ff922bc0 STRLINV
ffa0c680 CRYTE360                         ff922c30 STRCINV
ffaa0240 CR_CONTP                         ff922ca0 STRLNRMO
ffaa00c0 CR_STRTP                         ff922d30 STRCNRMO
ffd5a690 CSELCT                           ff9235d0 STRNGLEN
ffa0e4a0 CSHADST                          ff9237c0 HEXTOASC
ffe5ed50 CSHELLL                          ff9239f0 PPOSADDX
ffe5edd0 CSHELLR                          ff923c30 ESCAPEJ
ffe5e850 CSHRAP1                          ff923df0 INVINCO
ffe5e8d0 CSHRAP2                          ff924140 INVINCNF
ffe5e950 CSHRAP3                          ff9243d0 PXFERCRD
ffe5e9d0 CSHRAP4                          ff9243e0 SLOWPCAR
ffe5ea50 CSHRAP5                          ff9245e0 POUTOFRK
ffe5d950 CSHRAPA1                         ff9246b0 PFLYNDIE
ffe5d9d0 CSHRAPA2                         ff9257f0 PFLASH2
ffe5da50 CSHRAPA3                         ff9259b0 PIJDECEL
ffe5dad0 CSHRAPA4                         ff925e70 PDELETE
ffe5db50 CSHRAPA5                         ff926540 PLEGOFF
ffe5dbd0 CSHRAPB1                         ff926680 PLEGON
ffe5dc50 CSHRAPB2                         ff9267e0 PTORSON
ffe5dcd0 CSHRAPB3                         ff926940 BOTHPON
ffe5dd50 CSHRAPB4                         ff926ab0 TSHADST1
ffe5ddd0 CSHRAPB5                         ff926af0 TSHADST2
ffe5de50 CSHRAPC1                         ff926bd0 LSHADST1
ffe5ded0 CSHRAPC2                         ff926c10 LSHADST2
ffe5df50 CSHRAPC3                         ff926d00 TSHADDL1
ffe5dfd0 CSHRAPC4                         ff926d40 TSHADDL2
ffe5e050 CSHRAPC5                         ff926e50 LSHADDL1
ffe5e0d0 CSHRAPD1                         ff926e90 LSHADDL2
ffe5e150 CSHRAPD2                         ff926fb0 PCONTST
ffe5e1d0 CSHRAPD3                         ff927210 OWINDOW
ffe5e250 CSHRAPD4                         ff927590 CWINDOW
ffe5e2d0 CSHRAPD5                         ff928040 BUYINWIN
ffe5e350 CSHRAPE1                         ff928500 BUYINLP
ffe5e3d0 CSHRAPE2                         ff929c70 BWAITCLD
ffe5e450 CSHRAPE3                         ff92b680 GAMEOTXT
ffe5e4d0 CSHRAPE4                         ff92ba30 DUMPWTCH
ffe5e550 CSHRAPE5                         ff92bc30 AUDPLWAV
ffa0ba90 CSTRAYTE                         ff92bf60 FLYTOPL
00000033 CS_ENTS                          ff92c1e0 BONUSCR
ffab2ea0 CS_POINT                         ff9319b0 WAVEINIT
01008730 CURPAL                           ff932470 GOALXFER
ffd5a2f0 CVSDFOFF                         ff932590 KILLWAVE
ffd5a2b0 CVSDOFF                          ff932b30 WAVEEND
ffa0cd00 CWHLSPD                          ff933970 GAMEEND
ffa0a950 CWHLSTOP                         ff935380 INITFGND
ff927590 CWINDOW                          ff935450 INITBGND
ffe5d8d0 CWRECK                           ff936990 WHIPTHRU
ffa0a180 CXACCEL                          ff937820 SKYUP
ffa0a320 CXACCELA                         ff938c90 NEWBGND
ffa0a350 CXACCELB                         ff93b3e0 OLDBGND
ffaaaa10 CYAN_BOX                         ff93d0c0 BBOFSCRN
0101b1f0 C_FLAGS                          ff93da10 BSCHKG
ff9b5570 CentDist                         ff93f340 BSTOP
ff9b6190 CkDest                           ff93f490 MAKFBOBJ
ff9b7a10 Ck_NOYFLP                        ff93f8e0 SKYDOWN
ff9b7810 Ck_YFLP                          ff93fab0 EXPANDS
ff9b5f20 ClipDest                         ff93fc40 SCBLOWUP
ff9b5fc0 ClipZDst                         ff93fcf0 SCREXP32
ff9b8d20 ClosestFP                        ff940590 BGNDHGHT
ff9b8a60 ClosestP                         ff9411a0 BGND_UD1
ff9ba2f0 ClrVel                           ff941440 BGND_UD2
ff91f7b0 DBOUNCE                          ff9428d0 EBULL45
0100c100 DCCOUNT                          ff942a90 EDBULLET
0101b2e0 DCODE                            ff942ab0 EBULLET
010178c0 DEATHCNT                         ff942c60 EROCKET
ffa9ae00 DEC_HSR                          ff942e00 P1BULL
ffaa57a0 DEF_PAGE                         ff942ec0 P2BULL
ffe71460 DELB2OBJ                         ff942f80 P1CARBUL
ff9135d0 DELBB                            ff943040 P2CARBUL
ff913df0 DELBBOBJ                         ff943480 GBULLET
ffe714c0 DELBOBJ                          ff944300 BULLRET1
ffa097d0 DELCBODY                         ff945d00 REXPLODE
ff91dbc0 DELENEMY                         ff946c20 CEXPLODE
ffe71680 DELOBJ                           ff947850 TEXPLODE
ffa4be40 DELPAL                           ff949de0 CLIPRYTE
ff914ac0 DELSBOBJ                         ff94c220 BCOLL1
ffe71520 DELSHAD                          ff94c390 BULLRET2
ffe71600 DELSOBJ                          ff94c3b0 DUMRTS
ff914b50 DELSUPP                          ff94c560 BCOLDDMP
ffe16130 DEMOPALS                         ff94c5e0 BCOLDCAN
ffa2b7b0 DENDCOLB                         ff94c660 BCOLDPST
ffa2b840 DENDCOLGR                        ff94c6a0 BCOLDSID
ffa2b600 DENDCOLL                         ff94c870 DINGANI
ffa2b720 DENDCOLR                         ff94e4e0 DROPCARD
ffa2b690 DENDCOLS                         ff94e800 DROPBUCK
ff9120e0 DFRMGRND                         ff94e970 DROPCLIP
ff9b5040 DFrmGrnd                         ff94ea60 DROPROCK
ffaa9ee0 DIAG_EX                          ff94eb50 DROPDRUG
ffaa9cb0 DIAG                             ff94f650 TRNKBUCK
0100d500 DIFRAM                           ff94f750 TRNKCLIP
ffaaadf0 DIGSRT                           ff94f850 TRNKROCK
ffe59850 DING45A                          ff94f950 TRNKDRUG
ffe598d0 DING45B                          ff952ab0 BUSTAMP
ffe59950 DING90A                          ff954c60 BOZOCARD
ffe599d0 DING90B                          ff954e10 CARDCOLD
ff94c870 DINGANI                          ff955b20 BUCKCOLD
ffd58480 DINGCANR                         ff956490 DRUGCOLD
ffd58400 DINGDUMP                         ff956c50 GOLDCOLD
ffd58440 DINGPSTR                         ff957f10 WEEDCOLL
ff9fd830 DIRANI                           ff958b30 LOFCOLD
ffaa8040 DISPDUMP                         ff958ee0 BOZCHK
ffe75f40 DISPH                            ff95a250 SWAPAL0
010e0620 DISPLAYON                        ff95fb70 LOFDFLA
ffe745f0 DISPLAY                          ff95fc50 LDEXP1
ffe744c0 DISPQT                           ff95ff00 LOFDROCK
ff916d00 DMAHALT                          ff95ff70 LOFRAG1
ffe75800 DMAINT                           ff960130 LOFRAG2
ff916af0 DMAN                             ff9602f0 LOFRAG3
01056590 DMAQCNT                          ff9604b0 LOFRAG4
01056570 DMAQCUR                          ff9606d0 LOFDEXP
ff916ba0 DMAQWAIT                         ff960a90 LOFDEXP1
ff916b20 DMAWAIT                          ff961890 LOFFCRM1
ffac5150 DMPRBAK                          ff9626b0 PIMPCOLD
ffd9a600 DMPRDSP                          ff970b60 PIMPCRM1
ffa2b3c0 DMPRMCOL                         ff9714a0 GANGCOLD
ffaaf870 DOBORDER                         ff97cd20 GANGCRM1
ffd905b0 DOGBAIT                          ff97ebb0 HYPOCOLD
ffdc4fa0 DOGBLIP                          ff989ff0 HYPOCRM1
0100d830 DOGCNT                           ff98b850 NHYPO
ffa78af0 DOGCOLD                          ff98b890 SHYPO
0100d730 DOGMAX                           ff990af0 HOOKCOLD
ffac4ad0 DOGRBAK                          ff996fc0 dynamite
ffd98150 DOGRDSP                          ff99b0d0 BUGCOLD
ffa2b180 DOGRMCOL                         ff9a3400 BUGBURN
0100d740 DOGSPD                           ff9a4120 MBIGCOLD
ff9188c0 DOORCLOZ                         ff9a5860 MB_MOVE
ffd59120 DOORCSND                         ff9b3c60 BIGBULL
ff918420 DOOROPEN                         ff9b3fb0 MBIGCRM1
ffd590e0 DOOROSND                         ff9b4730 MovePlyr
ff917ef0 DOORRITE                         ff9b4940 SetAniP
ffddbab0 DOORSBMOD                        ff9b4b90 ZCHEK
ffe59a50 DOPE1                            ff9b4e90 ShadOn
ffe59ad0 DOPE2                            ff9b4ef0 ShadOff
ffe59b50 DOPE3                            ff9b4f70 GetPLZMID
ffe59c50 DOPEICON                         ff9b5040 DFrmGrnd
0100c140 DOPESYM                          ff9b5120 OidToDat
ffa2b0f0 DORNCOLL                         ff9b5160 GetPData
ffac0270 DO_ADJH                          ff9b52f0 BulToDat
ffe58150 DRIVEF1                          ff9b5470 GetMidZ
ffe581d0 DRIVEF2                          ff9b5570 CentDist
ffe58250 DRIVEF3                          ff9b5650 GetOnScr
ffe582d0 DRIVEF4                          ff9b5950 DestOk
ffe57c50 DRIVER1                          ff9b5c90 SCRNCLIP
ffe57cd0 DRIVER2                          ff9b5f20 ClipDest
ffe57d50 DRIVER3                          ff9b5fc0 ClipZDst
ffe57dd0 DRIVER4                          ff9b6060 SCRNZCLP
ffe57e50 DRIVER5                          ff9b6190 CkDest
ffa0d740 DRIVERAN                         ff9b6470 GoDestD
ff94e800 DROPBUCK                         ff9b6c10 GoDestV
ff94e4e0 DROPCARD                         ff9b7510 T_YFLP
ff94e970 DROPCLIP                         ff9b7690 T_NOYFLP
ff94eb50 DROPDRUG                         ff9b7810 Ck_YFLP
ff94ea60 DROPROCK                         ff9b7a10 Ck_NOYFLP
ff91b2c0 DROPSTUF                         ff9b7c10 ZOFF
ffdc3dd0 DRUGBLIP                         ff9b7e60 NEAR_BUL
0100d500 DRUGCNT                          ff9b8200 FACINGOB
ff956490 DRUGCOLD                         ff9b8370 FACEOBJ
ffd99520 DRUGRDSP                         ff9b8450 FaceObj
ffd593f0 DRUGSND                          ff9b8530 FACEBULL
ffe60f50 DRUM                             ff9b8590 FACEAWAY
ffe57ed0 DRVDTH1                          ff9b86b0 FACEFWD
ffe57f50 DRVDTH2                          ff9b8710 FACEBKWD
ffe57fd0 DRVDTH3                          ff9b8770 NEARPLYR
ffe58050 DRVDTH4                          ff9b8a60 ClosestP
ffe580d0 DRVDTH5                          ff9b8d20 ClosestFP
ffd58b20 DSH2SND                          ff9b9140 Flee
ffd58aa0 DSHTSND                          ff9b99b0 FleeObj
ff9202f0 DSINK                            ff9b9d70 HuntObj
ffe586d0 DSLIME                           ff9b9d90 HuntObj0
ff91fc30 DTBOUNCE                         ff9b9e60 ShortXDest
ff9169f0 DTIME                            ff9b9f10 MAX
ff920710 DUMCOLL                          ff9b9f50 MIN
ff90f710 DUMDIE                           ff9b9f90 ABSMAX
ffdc2c80 DUMPBLIP                         ff9ba040 ABSINC
0100d6b0 DUMPBTT                          ff9ba0a0 ABSDEC
ffa671c0 DUMPCOLD                         ff9ba110 ABSSUB
0100d690 DUMPMAX                          ff9ba1c0 ABSADD
ffd2bb40 DUMPPAL                          ff9ba220 XTOZSIZE
ffe58650 DUMP                             ff9ba2f0 ClrVel
0100d7a0 DUMPCNT                          ff9ba370 UpdShadV
ffa2e420 DUMPCOLL                         ff9ba490 NEAR_BTY
ffa6e190 DUMPCRM1                         ff9ba4c0 NEAR_OBJ
ffa11f70 DUMPROC                          ff9ba6f0 ON_SLIST
0100d6c0 DUMPSHT                          ff9ba7a0 CLROBJ
0100d6a0 DUMPSPD                          ff9ba850 BullSlp
ff92ba30 DUMPWTCH                         ff9baab0 SyncAnim
ffaa7a90 DUMP_FS                          ff9bad20 SumSlp
ffa0ba60 DUMRETP                          ff9baed0 SPLTCOLBOX
ff94c3b0 DUMRTS                           ff9bb0b0 SPLTCOLANI
ff920740 DUMRTSG                          ff9bb290 SPLATANI
ffd8a840 DUMSCRIP                         ff9bbaf0 SPLATBOX
ff9b5950 DestOk                           ff9bc350 SPLATS
ffd583c0 EBSND                            ff9bc7b0 PUT1K
ff9428d0 EBULL45                          ff9bc810 PUT2x5K
ff942ab0 EBULLET                          ff9bc870 PUT5K
0100d8c0 ECNTEND                          ff9bc8d0 PUT10K
0100d750 ECNTRS                           ff9bc930 PUT25K
ff942a90 EDBULLET                         ff9bcae0 PUTBONUS
ff920a30 EFRAME                           ff9bd940 LTWRDPT
0100d750 ENDIFRAM                         ff9bda60 LINEPT
01000160 ENEMIES                          ff9bf490 PRECRIM2
01000140 ENEMY_BULLETS                    ff9bf4b0 PRECRIME
ff917580 ENINIT                           ff9bfdf0 POSTCRIME
ff917500 ENINITLL                         ff9c0740 FBIBADGE
ff917490 ENINITUL                         ff9c0e00 CRDTPAGE
ff942c60 EROCKET                          ff9c0e20 TITLPAGE
ff90fa00 ERRORLOG                         ff9c3a10 MSUCLEAR
ff923c30 ESCAPEJ                          ff9cc760 VSCAN
ff917660 ESINITLL                         ff9d0920 RAMBCOLD
ff9176e0 ESINIT                           ff9dda90 RAMBCRM1
ff9175f0 ESINITUL                         ff9de4f0 MAKEFLAM
ff920430 ESINK                            ff9de7b0 GROWFLAM
ffddc050 EUGBMOD                          ff9e1800 HEADCOLD
ffd84cd8 EVIMSG                           ff9e86e0 HEADCOLL
ffe71ff0 EXISTOBJ                         ff9e87d0 TUNGCOLL
ffae3d40 EXISTP                           ff9e88c0 BASECOLL
ffdc2de0 EXITBLIP                         ff9f07b0 SPNECOLL
ffe5d4d0 EXITSIGN                         ff9f9b30 InitTbls
ff93fab0 EXPANDS                          ff9fa4f0 SpineIni
010001e0 EXPLOSIONS                       ff9fa630 CHNKTBL1
ffd84ac0 EXTRAMSG                         ff9fa910 CHNKTBL2
ffa9abb8 E_BRUSH                          ff9faab0 CHNKTBL3
ffa9b6d0 E_GAME                           ff9faed0 CHNKTBL4
ffa805e0 E_INITS                          ff9fafd0 CHNKTBL5
0000000d F1SEL                            ff9fd830 DIRANI
ff9b8590 FACEAWAY                         ff9fe020 TUNGFLEX
ff9b8710 FACEBKWD                         ff9fe850 TUNGFLXF
ff9b8530 FACEBULL                         ff9ff080 BRECOIL
ff9b86b0 FACEFWD                          ff9ff0d0 BRECOILF
ff9b8370 FACEOBJ                          ff9ff120 RRECOIL
ff919b10 FACEPLYR                         ff9ff170 RRECOILF
ff9b8200 FACINGOB                         ff9ff1c0 KABOOM
ffaa5860 FAC_SET                          ff9ff240 KABOOMF
ffab56c0 FAC_STUF                         ff9ff2c0 CHUNKINI
ffd5a100 FADEDOWN                         ff9ff400 CHNKTINI
ffd5a010 FADEUP                           ff9ff540 BONEINI
01000290 FADE_RAM                         ff9ff680 FLYSPINE
ffdefb80 FANNYCOBMOD                      ff9ff750 FLYSKULL
ffddc680 FASSGRLBMOD                      ffa02460 BlowSkul
ff9c0740 FBIBADGE                         ffa02b60 jawbite
ff915540 FILLAREA                         ffa02de0 jawbitef
ff913740 FINDBB                           ffa04100 SDIRANI
ffa0e2d0 FINDMVP                          ffa043c0 FIRETUNG
ffa4bec0 FINDPAL                          ffa064b0 baseflsh
ffa043c0 FIRETUNG                         ffa073f0 MkNuke
ffe59ed0 FLHD1A                           ffa08630 CARINIT
ffe59f50 FLHD1B                           ffa09410 CDELALL
ffe59fd0 FLHD1C                           ffa097d0 DELCBODY
ffe5a050 FLHD2A                           ffa098e0 CNEWPAL
ffe5a0d0 FLHD2B                           ffa09b20 CARYZVEL
ffe5a150 FLHD2C                           ffa09cb0 CARXVEL
ffe58850 FLHIT1                           ffa09de0 CARYVEL
ffe588d0 FLHIT2                           ffa09f10 CARZVEL
ffe58950 FLHIT3                           ffa0a0b0 CARSTOP
ff911c90 FLP                              ffa0a180 CXACCEL
ffe5a1d0 FLTLA                            ffa0a320 CXACCELA
ffe5a250 FLTLB                            ffa0a350 CXACCELB
ffe5a2d0 FLTLC                            ffa0a950 CWHLSTOP
ff9ff750 FLYSKULL                         ffa0aae0 KILLCARP
ff9ff680 FLYSPINE                         ffa0abb0 CFLIPART
ff92bf60 FLYTOPL                          ffa0ad90 CARTNKO
ffad2000 FORHEAD                          ffa0aff0 CARTNKC
ffaa4ff0 FORM_ADC                         ffa0b250 CRTURN
ffaae5b0 FORM_SWS                         ffa0b670 CLTURN
ffaced80 FORSILV                          ffa0ba60 DUMRETP
01007d30 FPALRAM                          ffa0ba90 CSTRAYTE
ff920b90 FRANIM                           ffa0be80 WHLSTR
ffe710d0 FREEOBJ                          ffa0c680 CRYTE360
01000020 FREE                             ffa0c7f0 CLEFT360
ffe70c40 FREEOBJE                         ffa0ca30 CRYTE180
ffa4c920 FREEPAL                          ffa0cb30 CLEFT180
ffd59840 FREESND                          ffa0cd00 CWHLSPD
ffe70bb0 FREESOBJ                         ffa0d740 DRIVERAN
ffd58c20 FREZSND                          ffa0dbb0 CARSETZ
ffd58e60 FSIZZSND                         ffa0dc70 CARADDY
ffaa51c0 F_ADC_S                          ffa0de40 CARSCRTST
ffaaf580 F_TITLE                          ffa0e020 ISREVERS
ff9b8450 FaceObj                          ffa0e2d0 FINDMVP
ff9b9140 Flee                             ffa0e4a0 CSHADST
ff9b99b0 FleeObj                          ffa0e640 CRESET
00000009 G1SEL                            ffa0ed80 CKCRESET
ff905670 GAMEDETH                         ffa0eea0 SINKCARC
ff933970 GAMEEND                          ffa0efe0 CADCOLD
ff92b680 GAMEOTXT                         ffa0f0b0 CADDISP
ff905290 GAMEOVER                         ffa0f210 CADDY
0100d4f0 GAMERASE                         ffa11f70 DUMPROC
ffd849b0 GAMOVMSG                         ffa16c90 PORINTRO
ffd59980 GAMOVSND                         ffa17fc0 P1IJDECL
0100bcf0 GAMSTATE                         ffa18030 P2IJDECL
ffdc5940 GANGBLIP                         ffa185c0 PORTRANS
0100d7c0 GANGCNT                          ffa19790 PORSCOLD
ff9714a0 GANGCOLD                         ffa1bf90 PCDRIVRC
ff97cd20 GANGCRM1                         ffa1c5e0 PDRIVXWW
ffe735a0 GANIOF                           ffa1d350 MINECOLD
ffe72730 GANISAG                          ffa1e530 WEEDCOLD
ffe5d3d0 GARAGE1                          ffa1eed0 NEXAIR
ffd84fa8 GAYMSG                           ffa1ef10 NEXPLODE
ff911a70 GBPALOBJ                         ffa1f520 NEXINIT
ff943480 GBULLET                          ffa1f8d0 NUCLEXP
ff91ac90 GBUST                            ffa240d0 CLRGOAL
ff91e460 GCUBEVEL                         ffa24b90 SILVDP
ffaa9fb0 GEN_MENU                         ffa24bf0 REDDP
ffae3ef0 GETA10                           ffa24c50 BLUEDP
ffae3e70 GETA11                           ffa24cb0 GOLDDP
ffae4010 GETA8                            ffa24d10 HEADDP
ffae3f80 GETA9                            ffa28e90 GETSUBDR
ffe73470 GETANIXY                         ffa290c0 SUBOPEN
ff9124d0 GETANIX                          ffa2af40 CHINACOLL
ff9121c0 GETBOTY                          ffa2afd0 LOFHCOLL
ffa4c5f0 GETBPAL                          ffa2b060 BIGINCOL
ffe593d0 GETCASH1                         ffa2b0f0 DORNCOLL
ffe59450 GETCASH2                         ffa2b180 DOGRMCOL
ff912340 GETCENT                          ffa2b210 SUBRMCOL
ffe59550 GETCLIP                          ffa2b2a0 BUGRMCOL
ff919220 GETCPLY                          ffa2b330 CLWRMCOL
ff912250 GETCPNT                          ffa2b3c0 DMPRMCOL
ff917b70 GETDOOR                          ffa2b450 GRNHSCOL
ffe59bd0 GETDOPE                          ffa2b4e0 LABCOL
ffa4c470 GETFPAL                          ffa2b570 CHOPWCOL
ff91de80 GETLZVEL                         ffa2b600 DENDCOLL
ffe709d0 GETOBJ                           ffa2b690 DENDCOLS
ff919a20 GETPBOTY                         ffa2b720 DENDCOLR
ff919df0 GETPCENT                         ffa2b7b0 DENDCOLB
ff919c60 GETPLYR                          ffa2b840 DENDCOLGR
ffae38c0 GETPRC                           ffa2b960 SENDCOLS
ffe594d0 GETROCK                          ffa2b9f0 SENDCOLR
ff912990 GETSCRBY                         ffa2ba80 SENDCOLB
ff912410 GETSCRRX                         ffa2bb10 SENDCOLGR
ffaadfb0 GETSTICK                         ffa2bba0 SLOTCOLS
ffa28e90 GETSUBDR                         ffa2bc30 SLOTCOLR
ff90ef90 GETWAVE                          ffa2bcc0 SLOTCOLB
ff91df90 GETYZVEL                         ffa2bd50 SLOTCOLG
ff912620 GETZMID                          ffa2bde0 SLOTCOLH
ffaa52a0 GET_ADJ                          ffa2be70 SLOTCOLGR
ffaabd20 GET_ADV                          ffa2bf00 SLOTCNDS
ffaa47c0 GET_AUD                          ffa2bf90 SLOTCNDG
ffab2de0 GET_CSPT                         ffa2c020 SAFECOLL
ffaa62d0 GET_CSTR                         ffa2df20 CANEXCOL
ffaab400 GET_FAC                          ffa2e210 CANCOLL
ffa9b170 GET_HSC                          ffa2e420 DUMPCOLL
ffa9d520 GET_HSCR                         ffa2e630 ATSTRT
ffdfe280 GHSINTBMOD                       ffa2f0c0 ATTPLAY
ffdfe1f0 GHSINTDRBMOD                     ffa33230 COLSCAN1
ffe4dc30 GHSIPALS                         ffa33730 CKOBJXY
ffe4ab20 GHSPALS                          ffa339f0 CPCOLADJ
ff91e910 GIBOX                            ffa34110 CEDETECT
0100c130 GLASSCNT                         ffa34310 CBDETECT
0101b270 GMENULEV                         ffa34790 CEBDETCT
ffdc3e50 GOALBLIP                         ffa34a20 P1LLINIT
0100bdf0 GOALCARD                         ffa34b50 P2LLINIT
0100be00 GOALDOOR                         ffa34c80 PLLINIT
ff932470 GOALXFER                         ffa36bd0 P1INITTL
ffac5b10 GOLDBAK                          ffa36e50 P2INITT
ff956c50 GOLDCOLD                         ffa37550 PLREINIT
ffa24cb0 GOLDDP                           ffa37aa0 PLWAVEST
ffac4550 GOLDDSP                          ffa38620 PLROOMST
ffe5c0d0 GOLDTYPE                         ffa392a0 STARTINVL
ffe5be50 GOLDcard                         ffa39580 PLLAYER
ffe1ae60 GOLGesca                         ffa3e200 PLSTOP
ffabd080 GO_ADJ                           ffa3eab0 PLAYERON
ffab3860 GO_DIAG                          ffa3ed90 PLAYEROF
ff9119a0 GPALOBJ                          ffa3ef00 PLAYERCON
ff919900 GPLAYERD                         ffa3f960 P_INBNDS
010178d0 GRAMEND                          ffa3fa40 CKLXBND
0100bd10 GRAMSTRT                         ffa3fc40 CKLZBND
ffd4e520 GREENLAB                         ffa3fdb0 CKLBADJ
ffe5c050 GREENcard                        ffa42460 P1HYPHIT
ffac52f0 GRNHSBAK                         ffa424e0 P2HYPHIT
ffdfca50 GRNHSBMOD                        ffa42560 P1DETH
ffa2b450 GRNHSCOL                         ffa42650 P2DETH
ffdfcae0 GRNHSDRBMOD                      ffa48800 BULLHIT
ffd9b950 GRNHSDSP                         ffa48940 HEADBUTT
ffe5cbd0 GRNTYPE                          ffa48a80 KNIFEHIT
ffe1ff40 GRNesca                          ffa48bc0 BUGBITE
ff9de7b0 GROWFLAM                         ffa48d80 HYPOHIT
ffd588a0 GRUNT1R                          ffa4aab0 COLRSTRT
ffd588e0 GRUNT2R                          ffa4b120 LINE
ffd58920 GRUNT3R                          ffa4be40 DELPAL
ffd58960 GRUNT4R                          ffa4bec0 FINDPAL
ffd589a0 GRUNT5R                          ffa4c030 INITPAL
ff91dcc0 GRUNTRND                         ffa4c120 INITBPAL
ffe72ca0 GSAGOF                           ffa4c210 CLRPAL
ff920910 GSCRIPT                          ffa4c350 CLRFPAL
ffe724e0 GSCRNREL                         ffa4c3e0 CLRBPAL
ffaaf6b0 G_BORDER                         ffa4c470 GETFPAL
ffa61640 G_CRED                           ffa4c5f0 GETBPAL
ff9b5470 GetMidZ                          ffa4c920 FREEPAL
ff9b5650 GetOnScr                         ffa4cba0 UNGETPAL
ff9b5160 GetPData                         ffa4cd60 PALTRANS
ff9b4f70 GetPLZMID                        ffa4d270 PALSET
ff9b6470 GoDestD                          ffa4d3d0 CHOPCOLD
ff9b6c10 GoDestV                          ffa4d4a0 CHOPST
ffd58be0 HALTSND                          ffa4d650 CHOPDISP
ffe57690 HDRMPALS                         ffa4fd70 PBOMBP1
ffac5cb0 HEADBAK                          ffa4fde0 PBOMBP2
ffdc6300 HEADBLIP                         ffa556c0 CHOFCOLD
ffa48940 HEADBUTT                         ffa55790 CHORCOLD
ff9e1800 HEADCOLD                         ffa57e80 XVEL2X
ff9e86e0 HEADCOLL                         ffa58d10 CHOPINTR
ffa24d10 HEADDP                           ffa5b060 KILLCHOY
ffac1ca0 HEADDSP                          ffa5bbd0 SCANNER
ffad1fa0 HEADMOD                          ffa5c250 PIXQINIT
ffac6350 HEADNAME                         ffa5c360 PIXQADD
ffe04850 HEADRBMOD                        ffa5c4b0 BLIPOFF
ffd0a760 HED3hat                          ffa5c690 BLIPON
ffd28eb0 HELBLUE                          ffa5c6c0 SCORAREA
ffd587a0 HELLBUGS                         ffa5c760 SSAREA
ffd29ec0 HELWHT                           ffa5c7b0 WAVENUM
ff9237c0 HEXTOASC                         ffa5c9e0 P1SSAREA
ffd58300 HHITEND                          ffa5ca40 P2SSAREA
ffd582c0 HHITSND                          ffa5caa0 NARQUEE
ffaba4c0 HID_P                            ffa5ce70 UPSTAT
ffddbe10 HOLEBMOD                         ffa5cf40 UPDSL
ffdc4280 HOOKBLIP                         ffa5d400 SCORE2P
0100d780 HOOKCNT                          ffa5d610 SCORE
ff990af0 HOOKCOLD                         ffa5d740 SCRIMM
ffddc200 HOTEL1BMOD                       ffa5dd60 OUTSCR
ffddbd80 HOTEL2BMOD                       ffa5e090 SCRREF
ffddba20 HOTEL3BMOD                       ffa5e6d0 ADDLIFE
ffe5d450 HOTWIN1                          ffa5e850 ADDMRBIG
ffddbfc0 HQBMOD                           ffa5e920 P_MBIGS
ffa85fa0 HSTDTAB                          ffa5e9d0 P_GOLD
ffaa8bd0 HTOHXASC                         ffa5ea90 ADDNNRGY
ffd2f300 HWINPAL                          ffa5eb60 ADDROCK
ffe5eed0 HYPOB02                          ffa5ec20 ADDBULL
ffe5ee50 HYPOB0                           ffa5ec30 ADDNBULL
ffe5ef50 HYPOB03                          ffa5ece0 ADDBUST
ffe5efd0 HYPOB30                          ffa5ecf0 ADDNBUST
ffe5f050 HYPOB60                          ffa5eda0 SUBLIFE
ffe5f0d0 HYPOB90                          ffa5eef0 SUBNRGY
ffdc44e0 HYPOBLIP                         ffa5ef00 SUBNNRGY
ff97ebb0 HYPOCOLD                         ffa5ef40 SUBFNRGY
ff989ff0 HYPOCRM1                         ffa5f060 SUBROCK
ffa48d80 HYPOHIT                          ffa5f160 SUBBULL
ffe5f150 HYPOT0                           ffa5f220 OUTENRGY
ffe5f1d0 HYPOT30                          ffa5fc10 OUTMBIGS
ffe5f250 HYPOT60                          ffa5ff20 ADDCARDS
ffe5f2d0 HYPOT90                          ffa5ff60 ADDCARDB
ffaaffe0 H_SLAVE                          ffa5ffa0 ADDCARDR
ff9b9d90 HuntObj0                         ffa5ffe0 ADDCARDG
ff9b9d70 HuntObj                          ffa60020 ADDCRDGR
ffd58ae0 IGIVSND                          ffa60110 SUBCARDS
00000040 INDIAG                           ffa60150 SUBCARDB
ff935450 INITBGND                         ffa60190 SUBCARDR
ffa4c120 INITBPAL                         ffa601d0 SUBCARDG
ff935380 INITFGND                         ffa60210 SUBCRDGR
ffa4c030 INITPAL                          ffa60310 OUTCARDS
ffa9af90 INIT_HSR                         ffa60ca0 OUTBULLS
ffa9dc10 INIT_TAB                         ffa60dd0 OUTROCKS
ffa9ddb0 INIT_TB                          ffa60f10 OUTDRUGS
ff9197c0 INPXRNG                          ffa61050 OUTBUCKS
ff9196c0 INPYRNG                          ffa61190 OUTBUSTS
ffe71180 INSB2OBJ                         ffa61640 G_CRED
ffe711e0 INSBOBJ                          ffa61a50 CRCMESS
ffe712c0 INSOBJ                           ffa61be0 PICKMESS
ffe71240 INSSOBJ                          ffa61df0 CLRMESS
ffe5cc50 INSTYPE                          ffa620b0 OUTNEXTR
01007d10 INTSYNC0                         ffa623f0 PRESCONT
01007d20 INTSYNC1                         ffa62d10 CLOSCALL
ff924140 INVINCNF                         ffa62f40 P1MESSAG
ff923df0 INVINCO                          ffa62f80 P2MESSAG
0100b4f0 IRQSKYE                          ffa62fb0 PMESSAGE
ff913b90 ISBBID                           ffa63bb0 SETCRIMENO
ff913cd0 ISBBBLP                          ffa63cf0 CRIME
ff9136a0 ISBB                             ffa671c0 DUMPCOLD
ffa9cae0 ISHSTD                           ffa6e190 DUMPCRM1
ff91a350 ISPBULLT                         ffa6e680 CLNSNDST
ffa0e020 ISREVERS                         ffa6e8d0 CLWNCOLD
ff914e00 ISSUPP                           ffa6f900 XZCNTCK
ff914ef0 ISSUPPID                         ffa71820 ZCHK
ff9f9b30 InitTbls                         ffa74d00 CARCHK
0100d770 JRHYCNT                          ffa75300 OIDATA
ffd27000 JRwalk                           ffa784f0 CLWNCRM1
ffe5d5d0 K10IMG                           ffa78af0 DOGCOLD
ffe5d650 K1IMG                            ffa801c0 P1_INITS
ffe5d750 K25IMG                           ffa80320 P2_INITS
ffe5d550 K2x5IMG                          ffa80480 OP_INITS
ffe5d6d0 K5IMG                            ffa805e0 E_INITS
ff9ff240 KABOOMF                          ffa82830 KIL_SPRY
ff9ff1c0 KABOOM                           ffa85fa0 HSTDTAB
ffe03360 KASTLEBMOD                       ffa877a0 RES_SCRL
ffe575d0 KASTPALS                         ffa88850 P_SCRIPT
ffae3b70 KILALL                           ffa88b80 SPR_GPAL
ffe71d80 KILB2OBJ                         ffa88c60 SPR_FPAL
ffe71de0 KILBOBJ                          ffa89930 BINBCD
ffa0aae0 KILLCARP                         ffa89ad0 BCDBIN
ffa5b060 KILLCHOY                         ffa8a320 X_PL_SA3
ffae36c0 KILL                             ffa8ace0 SPR_CHAR
ff932590 KILLWAVE                         ffa9a868 SC_CRAM
ffe71e40 KILOBJ                           ffa9a890 P1_SPRAY
ffa82830 KIL_SPRY                         ffa9aa28 P2_SPRAY
0100d7b0 KNAPCNT                          ffa9abb8 E_BRUSH
ffa48a80 KNIFEHIT                         ffa9ac60 ALL_TAB
ffd597b0 KNOCKSND                         ffa9ace0 TOD_TAB
ffe5a950 L4ARM1                           ffa9ad60 P_FORK
ffe5a9d0 L4ARM2                           ffa9ae00 DEC_HSR
ffe5aa50 L4ARM3                           ffa9af90 INIT_HSR
ffe5aad0 L4ARM4                           ffa9b170 GET_HSC
ffe5ab50 L4ARM5                           ffa9b6d0 E_GAME
ffe5abd0 L4ARM6                           ffa9cae0 ISHSTD
ffe5ac50 L4ARM7                           ffa9cdf0 A2_CHECK
ffe5acd0 L4ARM8                           ffa9d520 GET_HSCR
ffac5490 LABBAK                           ffa9d930 PT_ENTRY
ffe02230 LABBMOD                          ffa9d9c0 ROM_PTRS
ffa2b4e0 LABCOL                           ffa9da90 SET_PAGE
ffe587d0 LAMPOST                          ffa9dc10 INIT_TAB
ffe58750 LAMPTOP                          ffa9ddb0 INIT_TB
ffe59e50 LANDMINE                         ffa9e0d0 VAL_TAB
ff917130 LAST2CLR                         ffa9e950 RC_BYTE
0101b2a0 LAST_BUT                         ffa9e9a0 WC_BYTE
ffaa0810 LCOIN                            ffa9e9c0 RC_BYTEI
ffe5b150 LCREOSOTE                        ffa9ea20 RC_WORD
ff95fc50 LDEXP1                           ffa9eba0 RC_LONG
ffe595d0 LDING1                           ffa9ecc0 RC_LONGI
ffe59650 LDING2                           ffa9ed20 WC_BYTEI
ffe596d0 LDING3                           ffa9ed70 WC_WORD
ffe59750 LDING4                           ffa9ee30 WC_WORDI
ffe597d0 LDING5                           ffa9ee80 WC_LONG
ffaa5f60 LD_CTAB                          ffa9ef40 WC_LONGI
ffd58a60 LEGOSND                          ffa9f990 L_TIMER
ffd58c60 LETSGO                           ffaa00c0 CR_STRTP
ffe5bdd0 LGOAT10                          ffaa0240 CR_CONTP
ffe5b950 LGOAT1                           ffaa03c0 P_START
ffe5b9d0 LGOAT2                           ffaa04d0 P_CONT
ffe5ba50 LGOAT3                           ffaa0720 NO_CREDS
ffe5bad0 LGOAT4                           ffaa0810 LCOIN
ffe5bb50 LGOAT5                           ffaa0890 CCOIN
ffe5bbd0 LGOAT6                           ffaa0910 RCOIN
ffe5bc50 LGOAT7                           ffaa0990 XCOIN
ffe5bcd0 LGOAT8                           ffaa1c60 CK_MAX
ffe5bd50 LGOAT9                           ffaa1d00 UNIT_CLR
ff9bda60 LINEPT                           ffaa1f10 CRED_P
ffa4b120 LINE                             ffaa23a0 CRD_SCRN
ffddc320 LIQBMOD                          ffaa3d20 SLAM_SW
ffe5a550 LLEG1                            ffaa4240 COIN_PAG
ffe5a5d0 LLEG2                            ffaa47c0 GET_AUD
ffe5a650 LLEG3                            ffaa49d0 CLR_SUBS
ffe5a6d0 LLEG4                            ffaa4a60 CLR_AUDR
ffe5a750 LLEG5                            ffaa4d50 AUD
ffe5a7d0 LLEG6                            ffaa4e60 AUD1
ffe5a850 LLEG7                            ffaa4ee0 CLR_AUD
ffe5a8d0 LLEG8                            ffaa4f90 CMOS_VAL
ffaa62c0 LM_FINIS                         ffaa4ff0 FORM_ADC
ffaa6280 LM_SETUP                         ffaa51c0 F_ADC_S
ff915660 LOADATAB                         ffaa52a0 GET_ADJ
ffdc4880 LOFBLIP                          ffaa5370 PUT_ADJ
0100d750 LOFCNT                           ffaa5700 ADJ_PAGE
ff958b30 LOFCOLD                          ffaa57a0 DEF_PAGE
ff9606d0 LOFDEXP                          ffaa5860 FAC_SET
ff960a90 LOFDEXP1                         ffaa5f60 LD_CTAB
ff95fb70 LOFDFLA                          ffaa6160 L_MESS
ff95ff00 LOFDROCK                         ffaa6280 LM_SETUP
ffd90110 LOFEBAIT                         ffaa62c0 LM_FINIS
ff961890 LOFFCRM1                         ffaa62d0 GET_CSTR
0100d710 LOFFIRE                          ffaa68a0 CAT_A0
ffa2afd0 LOFHCOLL                         ffaa6f20 ROM_NAME
ffd96080 LOFHDSP                          ffaa7a90 DUMP_FS
0100d700 LOFMAX                           ffaa7b30 ADD_DUMP
ffd8ffe0 LOFPBAIT                         ffaa8040 DISPDUMP
ff95ff70 LOFRAG1                          ffaa82d0 WAIT_MUT
ff960130 LOFRAG2                          ffaa8bd0 HTOHXASC
ff9602f0 LOFRAG3                          ffaa8e70 STRCAT
ff9604b0 LOFRAG4                          ffaa9820 RT_RET
0100d760 LOFWAIT                          ffaa99b0 ROM_RET
0100c0a0 LOOPBACK                         ffaa9b40 WAIT_BUT
0100c0c0 LOOPDISP                         ffaa9cb0 DIAG
0100c090 LOOPWAVE                         ffaa9ee0 DIAG_EX
ff926e50 LSHADDL1                         ffaa9fb0 GEN_MENU
ff926e90 LSHADDL2                         ffaaa610 MENU_TOP
ff926bd0 LSHADST1                         ffaaa650 TOP_BOX
ff926c10 LSHADST2                         ffaaaa10 CYAN_BOX
ffe5ad50 LSHIN1                           ffaaabe0 COL_INST
ffe5add0 LSHIN2                           ffaaadf0 DIGSRT
ffe5ae50 LSHIN3                           ffaab050 CHK_CMOS
ffe5aed0 LSHIN4                           ffaab400 GET_FAC
ffe5af50 LSHIN5                           ffaaba60 WT_ADV
ffe5afd0 LSHIN6                           ffaabc80 WW_ADV
ffe5b050 LSHIN7                           ffaabd20 GET_ADV
ffe5b0d0 LSHIN8                           ffaabdd0 CK_DOOR
ff9bd940 LTWRDPT                          ffaabe80 B_MENU
ffaa6160 L_MESS                           ffaadef0 ST_STICK
ffa9f990 L_TIMER                          ffaadfb0 GETSTICK
ff900970 MAINLP                           ffaae5b0 FORM_SWS
0101b260 MAIN_RET                         ffaaf580 F_TITLE
ff9de4f0 MAKEFLAM                         ffaaf6b0 G_BORDER
ff93f490 MAKFBOBJ                         ffaaf870 DOBORDER
ff922830 MAKOBJZ                          ffaafc70 STD_BORD
ffe72220 MAKOBJ                           ffaafe90 BLNKHELP
ff912d20 MAKSHAD                          ffaaffe0 H_SLAVE
ff91eca0 MAKTPROC                         ffab06a0 AREUSURE
ff904130 MASTERDP                         ffab0c00 SUR_MESS
ff9041e0 MASTERG                          ffab0d20 SURE_BOX
ff9b9f10 MAX                              ffab2de0 GET_CSPT
ff91ebe0 MAXIMUM                          ffab2ea0 CS_POINT
ffd84f58 MAXMSG                           ffab2ff0 CKPROMPT
ffd58620 MBGETEM                          ffab3860 GO_DIAG
ffdc4ac0 MBIGBLIP                         ffab38c0 CASHBUT
0100d7d0 MBIGCNT                          ffab56c0 FAC_STUF
ff9a4120 MBIGCOLD                         ffab7450 BUILD_ST
ff9b3fb0 MBIGCRM1                         ffab95b0 ANY_BUT
ffd58660 MBKILLEM                         ffaba4c0 HID_P
ffd585e0 MBLAUGH                          ffabc0e0 STR_OBJ
ffd586e0 MBNTRY                           ffabceb0 STR_FREE
ffd586a0 MBYOUDIE                         ffabd080 GO_ADJ
ff9a5860 MB_MOVE                          ffac0270 DO_ADJH
ffaaa610 MENU_TOP                         ffac1ca0 HEADDSP
ffd67f60 MEN_MAIN                         ffac1f60 REDDSP
ffd69700 MEN_YN                           ffac2d80 BLUEDSP
ffd6bf40 MESS_FAC                         ffac3a10 SILVDSP
ffd6a8c0 MESS_MM                          ffac4550 GOLDDSP
ffa1d350 MINECOLD                         ffac4930 BIGOBAK
ff9b9f50 MIN                              ffac4ad0 DOGRBAK
ff91ec40 MINIMUM                          ffac4c70 BUGRBAK
ff919ff0 MOVEINPX                         ffac4e10 CLWRBAK
ff91a270 MOVEINPY                         ffac4fb0 SUBBAK
ff9c3a10 MSUCLEAR                         ffac5150 DMPRBAK
ffd5a210 MUSICFUL                         ffac52f0 GRNHSBAK
ffd5a260 MUSICNRM                         ffac5490 LABBAK
ffd5a3d0 MUSICOFF                         ffac5630 SILVBAK
ff921f70 MUSICSYN                         ffac57d0 REDBAK
ffd5a410 MUSITOFF                         ffac5970 BLUEBAK
ff91a0f0 MVAWAYPX                         ffac5b10 GOLDBAK
ff9143c0 MYOINITB                         ffac5cb0 HEADBAK
ff9142c0 MYOINITF                         ffac6350 HEADNAME
ff914160 MYOINIT                          fface520 SILVMOD
ffa073f0 MkNuke                           ffaced80 FORSILV
ff9b4730 MovePlyr                         ffad1fa0 HEADMOD
ffd84698 NARCMSG                          ffad2000 FORHEAD
ffd23390 NARCS                            ffae3080 PRCDSP
ffd38750 NARCsupr                         ffae3260 PRCSLP
ffa5caa0 NARQUEE                          ffae3280 PRCLSP
ff9b8770 NEARPLYR                         ffae3400 SUCIDE
ff9ba490 NEAR_BTY                         ffae3520 PINIT
ff9b7e60 NEAR_BUL                         ffae36c0 KILL
ff9ba4c0 NEAR_OBJ                         ffae38c0 GETPRC
ff938c90 NEWBGND                          ffae3a70 XFERPROC
ffe61350 NEWCAN                           ffae3b70 KILALL
ffa1eed0 NEXAIR                           ffae3d40 EXISTP
ffa1f520 NEXINIT                          ffae3e70 GETA11
ffa1ef10 NEXPLODE                         ffae3ef0 GETA10
ff98b850 NHYPO                            ffae3f80 GETA9
01000330 NOAUTOE                          ffae4010 GETA8
ffd84c88 NOBONMSG                         ffae4110 PUTA11
ffd59270 NOBONSND                         ffae4160 PUTA10
ffd845a0 NOONEMSG                         ffae41c0 PUTA9
ff9166e0 NOYFLP                           ffae4220 PUTA8
0101b290 NO_CLEAR                         ffae4300 CLRSNDDB
ffaa0720 NO_CREDS                         ffae43e0 ONESND
0100bdb0 NPLYRS                           ffae4440 SNDLD
0101afa0 NRAMEND                          ffae4710 SNDPRC
ff901910 NRAMINIT                         ffae4ba0 SNDSND
0100bcf0 NRAMSTRT                         ffae4da0 SNDRES
ffa1f8d0 NUCLEXP                          ffae4ee0 SNDRESP
01000040 OBJLST                           ffae5200 CKSNDPRI
ff911cf0 OBJOFF                           ffae5320 QSNDRST
ff911d90 OBJON                            ffae54a0 etext
01019560 OBJSTAKE                         ffd00000 .data
01019540 OBJSTAKP                         ffd08ce0 bigbull
0101ae60 OBJSTAKS                         ffd0a6e0 BASEskl
01056620 OBJSTR                           ffd0a760 HED3hat
ffdefc10 OFFICE1BMOD                      ffd0a9e0 BOOM5a
ff912d60 OFLASH                           ffd0aa60 BOOM5b
01000060 OFREE                            ffd0aae0 BOOM5c
ffa75300 OIDATA                           ffd0ab60 BOOM6
ffe70390 OINIT                            ffd0abe0 stump
ff93b3e0 OLDBGND                          ffd0ac60 stumpskl
ffae43e0 ONESND                           ffd0bf60 skull4
ff9ba6f0 ON_SLIST                         ffd0c4e0 jaw4
ffd59730 OPENBEEP                         ffd12860 CFSHRAPA
ffd59550 OPENSD1                          ffd13a50 CFSHRAPB
ffd59590 OPENSD2                          ffd15fb0 PORSCHE1
ffd59600 OPENSD3                          ffd23390 NARCS
ffd59660 OPENSD4                          ffd24390 PIMPpal
ffd596c0 OPENSD5                          ffd25000 gangpal
ffe5c350 OPENTYPE                         ffd26010 caddy
ffa80480 OP_INITS                         ffd27000 JRwalk
ff920510 OSINK                            ffd27f80 PORSHPAL
ffa61050 OUTBUCKS                         ffd28eb0 HELBLUE
ffa60ca0 OUTBULLS                         ffd29ec0 HELWHT
ffa61190 OUTBUSTS                         ffd2aed0 PILOTPAL
ffa60310 OUTCARDS                         ffd2bb40 DUMPPAL
ff917ff0 OUTDOOR                          ffd2cb00 loafer
ffa60f10 OUTDRUGS                         ffd2d9a0 CHINAPAL
ffa5f220 OUTENRGY                         ffd2e650 ARMDRPAL
ffa5fc10 OUTMBIGS                         ffd2f300 HWINPAL
ffa620b0 OUTNEXTR                         ffd30220 COLMNPAL
ffa60dd0 OUTROCKS                         ffd30340 clown
ffa5dd60 OUTSCR                           ffd312c0 hookpal
0101b330 OVERLOAD                         ffd32240 dexp1a
ff927210 OWINDOW                          ffd33c50 mrbigpal
ff9b5120 OidToDat                         ffd34c50 dog
ffd58280 P1BHIT                           ffd35b90 brnbug
ffdc2f80 P1BLIP                           ffd36590 redbug
ff942e00 P1BULL                           ffd36f90 grnbug
ff942f80 P1CARBUL                         ffd37990 blkbug
ffd8e810 P1CHIT                           ffd38390 gang4
0100bd80 P1CTRL                           ffd38480 mbig4
0100b530 P1DATA                           ffd384d0 loaf4
ffa42560 P1DETH                           ffd38520 hypo4
ffd8e6a0 P1DIE                            ffd38570 dump4
ffa42460 P1HYPHIT                         ffd385c0 rambo4
ffa17fc0 P1IJDECL                         ffd38610 clown4
ffa36bd0 P1INITTL                         ffd386b0 fbitxt4
ffe62050 P1LIFE                           ffd38700 badge4
ffa34a20 P1LLINIT                         ffd38750 NARCsupr
ffd89c70 P1MAINTL                         ffd387a0 warntxtp
ffa62f40 P1MESSAG                         ffd38ba0 blulof
ffd8e620 P1SHAKE                          ffd39bb0 grelof
ffa5c9e0 P1SSAREA                         ffd3abc0 fnklof
ffa801c0 P1_INITS                         ffd3bbd0 pnklof
ffa9a890 P1_SPRAY                         ffd3cbe0 goldesca
ffdc3190 P2BLIP                           ffd3d8f0 itdrfr
ff942ec0 P2BULL                           ffd3da10 phns
ff943040 P2CARBUL                         ffd3ea20 can
0100bd90 P2CTRL                           ffd3f7f0 newbom
0100b910 P2DATA                           ffd40760 bonbadge
ffa42650 P2DETH                           ffd41680 bluenc
ffa424e0 P2HYPHIT                         ffd42690 redman
ffa18030 P2IJDECL                         ffd436a0 black1
ffa36e50 P2INITT                          ffd446b0 doggry
ffe620d0 P2LIFE                           ffd456c0 blackd
ffa34b50 P2LLINIT                         ffd466d0 WEEDPAL
ffa62f80 P2MESSAG                         ffd476e0 ram1
ffa5ca40 P2SSAREA                         ffd485f0 basepal
ffa80320 P2_INITS                         ffd49530 headpal
ffa9aa28 P2_SPRAY                         ffd4a540 headxpal
01007d30 PALRAM                           ffd4b500 skelpal
ffa4d270 PALSET                           ffd4c510 BLUELAB
ffa4cd60 PALTRANS                         ffd4d510 REDLAB
ffddbea0 PAWNBMOD                         ffd4e520 GREENLAB
ffa4fd70 PBOMBP1                          ffd4f530 labweel
ffa4fde0 PBOMBP2                          ffd50450 lab12
ffd59800 PBONSND                          ffd51370 lbrass1
ffd590a0 PCALLOFF                         ffd52290 greensaf
ffd59060 PCBRAKSD                         ffd532a0 blusafe
0100bd40 PCBSNDF                          ffd542b0 goldsafe
ffd58580 PCDMPSND                         ffd552c0 redsafe
ffa1bf90 PCDRIVRC                         ffd571f0 tileb
0100d8b0 PCHOPCNT                         ffd58200 SND3A
ff926fb0 PCONTST                          ffd58240 SND3B
0100bd50 PCRSNDF                          ffd58280 P1BHIT
0100bd60 PCSPINH                          ffd582c0 HHITSND
ffd59020 PCSPINSD                         ffd58300 HHITEND
0100bd30 PCZEROCT                         ffd58340 SND4
0100bd70 PCZEROY                          ffd58380 RLNCHSND
ff925e70 PDELETE                          ffd583c0 EBSND
ffa1c5e0 PDRIVXWW                         ffd58400 DINGDUMP
ff9257f0 PFLASH2                          ffd58440 DINGPSTR
ff9246b0 PFLYNDIE                         ffd58480 DINGCANR
ff9156d0 PFRAME                           ffd584c0 CANSMSND
ffa61be0 PICKMESS                         ffd58500 CANWPSND
ff9259b0 PIJDECEL                         ffd58540 CANBCSND
ffd2aed0 PILOTPAL                         ffd58580 PCDMPSND
ffdc5200 PIMPBLIP                         ffd585e0 MBLAUGH
0100d790 PIMPCNT                          ffd58620 MBGETEM
ff9626b0 PIMPCOLD                         ffd58660 MBKILLEM
ff970b60 PIMPCRM1                         ffd586a0 MBYOUDIE
ffd24390 PIMPpal                          ffd586e0 MBNTRY
ffae3520 PINIT                            ffd58720 SHYPOSND
ffddc440 PINKYBMOD                        ffd58760 BNCESND
ffddbbd0 PIPELINEBMOD                     ffd587a0 HELLBUGS
[...]
ffa5ce70 UPSTAT                           ffe59850 DING45A
ff9ba370 UpdShadV                         ffe598d0 DING45B
ffa9e0d0 VAL_TAB                          ffe59950 DING90A
ffddbf30 VOIDBMOD                         ffe599d0 DING90B
ff9cc760 VSCAN                            ffe59a50 DOPE1
ffaa9b40 WAIT_BUT                         ffe59ad0 DOPE2
ffaa82d0 WAIT_MUT                         ffe59b50 DOPE3
ffddbcf0 WALKUPBMOD                       ffe59bd0 GETDOPE
ffddc170 WARE1BMOD                        ffe59c50 DOPEICON
ffddc3b0 WARE2BMOD                        ffe59cd0 BUSTICON
ff900370 WARMSET                          ffe59d50 BUSTED
ffe1a0d0 WARMgr3a                         ffe59dd0 POTICON
ffe19340 WARMgr3b                         ffe59e50 LANDMINE
ff9068b0 WAVBONUS                         ffe59ed0 FLHD1A
ffa5c7b0 WAVENUM                          ffe59f50 FLHD1B
ff932b30 WAVEEND                          ffe59fd0 FLHD1C
0100bdc0 WAVE                             ffe5a050 FLHD2A
ffd59160 WAVESND                          ffe5a0d0 FLHD2B
0100c110 WAVETIME                         ffe5a150 FLHD2C
ffd8ec80 WAVE1DSP                         ffe5a1d0 FLTLA
ffda0270 WAVEBGND                         ffe5a250 FLTLB
ffd8e980 WAVEDPTB                         ffe5a2d0 FLTLC
ff9319b0 WAVEINIT                         ffe5a350 BGDF1C
ffd84fe8 WAVEMSG                          ffe5a3d0 BGDF2C
ffd9df10 WAVETAB                          ffe5a450 BGDF3C
ffd9ff70 WAVMUSIC                         ffe5a4d0 BGDF4C
ffa9ed20 WC_BYTEI                         ffe5a550 LLEG1
ffa9e9a0 WC_BYTE                          ffe5a5d0 LLEG2
ffa9ee80 WC_LONG                          ffe5a650 LLEG3
ffa9ef40 WC_LONGI                         ffe5a6d0 LLEG4
ffa9ed70 WC_WORD                          ffe5a750 LLEG5
ffa9ee30 WC_WORDI                         ffe5a7d0 LLEG6
ffa1e530 WEEDCOLD                         ffe5a850 LLEG7
ff957f10 WEEDCOLL                         ffe5a8d0 LLEG8
ffe5d7d0 WEED                             ffe5a950 L4ARM1
ffd466d0 WEEDPAL                          ffe5a9d0 L4ARM2
ff91c160 WEND3                            ffe5aa50 L4ARM3
ff91b830 WENDIE                           ffe5aad0 L4ARM4
ff91c920 WEXPD                            ffe5ab50 L4ARM5
ff91a5b0 WHICHSID                         ffe5abd0 L4ARM6
ff936990 WHIPTHRU                         ffe5ac50 L4ARM7
ffa0be80 WHLSTR                           ffe5acd0 L4ARM8
ff902f10 WIPEOUT                          ffe5ad50 LSHIN1
ffd84728 WMSMSG                           ffe5add0 LSHIN2
010564c0 WORLDTL                          ffe5ae50 LSHIN3
01056480 WORLDTLX                         ffe5aed0 LSHIN4
010564a0 WORLDTLY                         ffe5af50 LSHIN5
010178d0 WRAMEND                          ffe5afd0 LSHIN6
ff901a30 WRAMINIT                         ffe5b050 LSHIN7
0100c110 WRAMSTRT                         ffe5b0d0 LSHIN8
ff91c2f0 WROCK                            ffe5b150 LCREOSOTE
ffaaba60 WT_ADV                           ffe5b1d0 BGDTHF1
ffaabc80 WW_ADV                           ffe5b250 BGDTHF2
ffd84d60 X1KMSG                           ffe5b2d0 BGDTHF3
ffd84e20 X25KMSG                          ffe5b350 BGDTHF4
ffd84da0 X2KMSG                           ffe5b3d0 BGDTHF5
ffd84de0 X5KMSG                           ffe5b450 BGDTHF6
ffaa0990 XCOIN                            ffe5b4d0 BGDTHF7
ff9223b0 XCOLOR                           ffe5b550 BGDTHF8
ffae3a70 XFERPROC                         ffe5b5d0 BGDTHF9
ff9221c0 XPALETTE                         ffe5b650 BGDTHF10
0100d410 XSCROLLS                         ffe5b6d0 BGDTHF11
ff9ba220 XTOZSIZE                         ffe5b750 BGDTHF12
ffa57e80 XVEL2X                           ffe5b7d0 BGDTHF13
ff911e40 XZCHK                            ffe5b850 BGDTHF14
ffa6f900 XZCNTCK                          ffe5b8d0 BGDTHF15
ffa8a320 X_PL_SA3                         ffe5b950 LGOAT1
ffd5a450 YAMOFF                           ffe5b9d0 LGOAT2
ffd589e0 YBUSTSND                         ffe5ba50 LGOAT3
ff916660 YFLP                             ffe5bad0 LGOAT4
ffd58a20 YSCUMSND                         ffe5bb50 LGOAT5
ffe6fb90 YZSORT                           ffe5bbd0 LGOAT6
01000270 Y_CORR                           ffe5bc50 LGOAT7
ff9b4b90 ZCHEK                            ffe5bcd0 LGOAT8
ffa71820 ZCHK                             ffe5bd50 LGOAT9
ff9b7c10 ZOFF                             ffe5bdd0 LGOAT10
ffe0e7e0 atapes                           ffe5be50 GOLDcard
ffd38700 badge4                           ffe5bed0 BLUEcard
ffa064b0 baseflsh                         ffe5bf50 REDcard
ffd485f0 basepal                          ffe5bfd0 SILVcard
ffe092d0 bgp1                             ffe5c050 GREENcard
ffd08ce0 bigbull                          ffe5c0d0 GOLDTYPE
ffe20bd0 bigport2                         ffe5c150 BLUETYPE
ffd436a0 black1                           ffe5c1d0 REDTYPE
ffd456c0 blackd                           ffe5c250 SILVTYPE
ffe42750 blegs5a                          ffe5c2d0 cardslot2
ffd37990 blkbug                           ffe5c350 OPENTYPE
ffe5f350 blood1                           ffe5c3d0 safedrl
ffe5f3d0 blood2                           ffe5c450 safedrr
ffe5f450 blood3a                          ffe5c4d0 safedrlr
ffe43670 bltor4d                          ffe5c550 safedrrr
ffe281b0 blucrm1                          ffe5c5d0 safedrlb
ffd41680 bluenc                           ffe5c650 safedrrb
ffd38ba0 blulof                           ffe5c6d0 safedrlg
ffd532a0 blusafe                          ffe5c750 safedrrg
ffdfb070 bmanBMOD                         ffe5c7d0 ARROWDN
ffd40760 bonbadge                         ffe5c850 BIGDOOR1
ffe0a1f0 bp1                              ffe5c8d0 BIGDOOR2
ffd35b90 brnbug                           ffe5c950 BIGDOOR3
ffe49010 budsgn                           ffe5c9d0 safdrlgr
ffe476a0 bud                              ffe5ca50 safdrrgr
0100d660 bugmax                           ffe5cad0 goldbr1
ffd26010 caddy                            ffe5cb50 goldbr2
ffd3ea20 can                              ffe5cbd0 GRNTYPE
ffe5c2d0 cardslot2                        ffe5cc50 INSTYPE
ffe0f480 checks1                          ffe5ccd0 SMblucrd
ffe49d90 clopal                           ffe5cd50 SMgldcrd
ffd38610 clown4                           ffe5cdd0 SMredcrd
ffd30340 clown                            ffe5ce50 SMsilvcrd
ff9172b0 clr_scrn                         ffe5ced0 SMgrncrd
ffe103a0 crash                            ffe5cf50 SEWERCAP
ffe34d50 crtblk                           ffe5cfd0 COLUMN1
ffdf6790 dashBMOD                         ffe5d050 COLUMNB
ffe2eb40 dbrass1                          ffe5d0d0 CHINADR1
ffd32240 dexp1a                           ffe5d150 CHINADR2
ffd34c50 dog                              ffe5d1d0 CHINADR3
ffd446b0 doggry                           ffe5d250 ARMDR1
ffe60150 dstk0                            ffe5d2d0 ARMDR2
ffe601d0 dstk30                           ffe5d350 ARMDR3
ffe60250 dstk60                           ffe5d3d0 GARAGE1
ffe602d0 dstk90                           ffe5d450 HOTWIN1
ffd38570 dump4                            ffe5d4d0 EXITSIGN
ff996fc0 dynamite                         ffe5d550 K2x5IMG
ffe57750 edata                            ffe5d5d0 K10IMG
010e0850 end                              ffe5d650 K1IMG
ffe1da20 escalate                         ffe5d6d0 K5IMG
ffae54a0 etext                            ffe5d750 K25IMG
ffd386b0 fbitxt4                          ffe5d7d0 WEED
ffe62350 flail1                           ffe5d850 CASHMACH
ffe623d0 flail2                           ffe5d8d0 CWRECK
ffe62450 flail3                           ffe5d950 CSHRAPA1
ffe624d0 flail4                           ffe5d9d0 CSHRAPA2
ffe4ac00 fl                               ffe5da50 CSHRAPA3
ffe36d70 flt                              ffe5dad0 CSHRAPA4
ffd3abc0 fnklof                           ffe5db50 CSHRAPA5
ffd38390 gang4                            ffe5dbd0 CSHRAPB1
0100d540 gangbmax                         ffe5dc50 CSHRAPB2
0100d570 gangfrck                         ffe5dcd0 CSHRAPB3
0100d560 gangmgun                         ffe5dd50 CSHRAPB4
ffd25000 gangpal                          ffe5ddd0 CSHRAPB5
0100d550 gangrock                         ffe5de50 CSHRAPC1
ffe07500 gbp1                             ffe5ded0 CSHRAPC2
ffe5cad0 goldbr1                          ffe5df50 CSHRAPC3
ffe5cb50 goldbr2                          ffe5dfd0 CSHRAPC4
ffd3cbe0 goldesca                         ffe5e050 CSHRAPC5
ffd542b0 goldsafe                         ffe5e0d0 CSHRAPD1
ffe06850 gp2                              ffe5e150 CSHRAPD2
ffe290d0 gray5a                           ffe5e1d0 CSHRAPD3
ffe25520 gray5c                           ffe5e250 CSHRAPD4
ffe2f920 gray5d                           ffe5e2d0 CSHRAPD5
ffe2db50 gray5                            ffe5e350 CSHRAPE1
ffd52290 greensaf                         ffe5e3d0 CSHRAPE2
ffd39bb0 grelof                           ffe5e450 CSHRAPE3
ffd36f90 grnbug                           ffe5e4d0 CSHRAPE4
ffe2cc30 grngray1                         ffe5e550 CSHRAPE5
ffe0bfb0 grnp1                            ffe5e5d0 CFRAG1
ffe0d8c0 grntan                           ffe5e650 CFRAG2
ffe509f0 grymix1                          ffe5e6d0 CFRAG3
ffe33d90 hand40                           ffe5e750 CFRAG4
ffdf6820 handBMOD                         ffe5e7d0 CFRAG5
ffd49530 headpal                          ffe5e850 CSHRAP1
ffd4a540 headxpal                         ffe5e8d0 CSHRAP2
ffe60050 hiro10                           ffe5e950 CSHRAP3
ffe600d0 hiro11                           ffe5e9d0 CSHRAP4
ffe5fa50 hiro1                            ffe5ea50 CSHRAP5
ffe5f950 hiro10air                        ffe5ead0 CDOOR1
ffe5f9d0 hiro11air                        ffe5eb50 CDOOR2
ffe5fad0 hiro2                            ffe5ebd0 CDOOR3
ffe5fb50 hiro3                            ffe5ec50 CDOOR4
ffe5fbd0 hiro4                            ffe5ecd0 CDOOR5
ffe5fc50 hiro5                            ffe5ed50 CSHELLL
ffe5fcd0 hiro6                            ffe5edd0 CSHELLR
ffe5f8d0 hiro9air                         ffe5ee50 HYPOB0
ffe5ffd0 hiro9                            ffe5eed0 HYPOB02
ffe60c50 hkdie1                           ffe5ef50 HYPOB03
ffe60cd0 hkdie2                           ffe5efd0 HYPOB30
ffe60d50 hkdie3                           ffe5f050 HYPOB60
ffe60dd0 hkdie4                           ffe5f0d0 HYPOB90
ffe60e50 hkdie5                           ffe5f150 HYPOT0
ffe60ed0 hkdie6                           ffe5f1d0 HYPOT30
ffe609d0 hkfgt4                           ffe5f250 HYPOT60
ffe60a50 hkfgt5                           ffe5f2d0 HYPOT90
ffe60ad0 hkfgt6                           ffe5f350 blood1
ffe60b50 hkfgt7                           ffe5f3d0 blood2
ffe60bd0 hkfgt8                           ffe5f450 blood3a
ffe14e70 hole1                            ffe5f4d0 nb2a
ffe60950 hook4                            ffe5f550 nb3a
ffd312c0 hookpal                          ffe5f5d0 nb4
ffe13100 hotel                            ffe5f650 nb1
ffe4dc90 hrgr1                            ffe5f6d0 nb5
ffd38520 hypo4                            ffe5f750 nb6
0100d5a0 hypobrain                        ffe5f7d0 nb7
0100d590 hypodrug                         ffe5f850 nb8
0100d5b0 hypofire                         ffe5f8d0 hiro9air
0100d580 hypomax                          ffe5f950 hiro10air
0100d5c0 hyposfir                         ffe5f9d0 hiro11air
ffd3d8f0 itdrfr                           ffe5fa50 hiro1
ffd0c4e0 jaw4                             ffe5fad0 hiro2
ffa02b60 jawbite                          ffe5fb50 hiro3
ffa02de0 jawbitef                         ffe5fbd0 hiro4
ffe61ed0 jlsw4                            ffe5fc50 hiro5
ffe621d0 jrhelpas                         ffe5fcd0 hiro6
ffe622d0 jrhelphit                        ffe5fd50 nb1grnd
ffe62250 jrpilohit                        ffe5fdd0 nb5grnd
ffe62150 jrpilot                          ffe5fe50 nb6grnd
ffe61850 jtdrive1                         ffe5fed0 nb7grnd
ffe618d0 jtdrive2                         ffe5ff50 nb8grnd
ffe61950 jtdrive3                         ffe5ffd0 hiro9
ffe619d0 jtdrive4                         ffe60050 hiro10
ffe61a50 jtdrive5                         ffe600d0 hiro11
ffe61ad0 jtpassen1                        ffe60150 dstk0
ffe61b50 jtpassen2                        ffe601d0 dstk30
ffe61bd0 jtpassen3                        ffe60250 dstk60
ffe61c50 jtpassen4                        ffe602d0 dstk90
ffe61cd0 jtpassen5                        ffe60350 spk0a
ffe61e50 jtsstdrst                        ffe603d0 spk30a
ffe32e70 k3                               ffe60450 spk60a
ffe53840 lab11                            ffe604d0 spk90a
ffd50450 lab12                            ffe60550 spk0b
ffe4fad0 lab145                           ffe605d0 spk30b
ffe4ebb0 lab22                            ffe60650 spk60b
ffd4f530 labweel                          ffe606d0 spk90b
ffd51370 lbrass1                          ffe60750 spk0c
ffdf68b0 ledsBMOD                         ffe607d0 spk30c
ffe2a0c0 lgray1                           ffe60850 spk60c
ffd384d0 loaf4                            ffe608d0 spk90c
ffd2cb00 loafer                           ffe60950 hook4
ffe4bc10 ltrnd                            ffe609d0 hkfgt4
ffdf6940 mainBMOD                         ffe60a50 hkfgt5
ffd38480 mbig4                            ffe60ad0 hkfgt6
ffe62550 mbigblp1a                        ffe60b50 hkfgt7
0100d670 mbigbrain                        ffe60bd0 hkfgt8
0100d680 mbigfire                         ffe60c50 hkdie1
ffe1baf0 metal1                           ffe60cd0 hkdie2
ffd33c50 mrbigpal                         ffe60d50 hkdie3
ffe34cb0 msuPALS                          ffe60dd0 hkdie4
ffe5f650 nb1                              ffe60e50 hkdie5
ffe5fd50 nb1grnd                          ffe60ed0 hkdie6
ffe5f4d0 nb2a                             ffe60f50 DRUM
ffe5f550 nb3a                             ffe60fd0 SUBCOLM1
ffe5f5d0 nb4                              ffe61050 SUBCOLM2
ffe5f6d0 nb5                              ffe610d0 SUBCOLM3
ffe5fdd0 nb5grnd                          ffe61150 SUBCOLM4
ffe5fe50 nb6grnd                          ffe611d0 SUBCOLM5
ffe5f750 nb6                              ffe61250 SUBCOLM6
ffe5f7d0 nb7                              ffe612d0 TELEPHON
ffe5fed0 nb7grnd                          ffe61350 NEWCAN
ffe5ff50 nb8grnd                          ffe613d0 BENCHL
ffe5f850 nb8                              ffe61450 BENCHM
ffd3f7f0 newbom                           ffe614d0 BENCHR
ffe52830 newfl                            ffe61550 ADDISON
ffe1cb00 newkr2                           ffe615d0 TRNDR1
ffe41740 newred1                          ffe61650 BULLET
ffe40730 newred2                          ffe616d0 BULLETE
ffe3f720 newred3                          ffe61750 BULLET45
ffe121e0 pawnpur                          ffe617d0 SFLAME
ffd3da10 phns                             ffe61850 jtdrive1
0100d5f0 pimpbrain                        ffe618d0 jtdrive2
0100d5e0 pimpbuck                         ffe61950 jtdrive3
0100d620 pimpfbal                         ffe619d0 jtdrive4
0100d5d0 pimpmax                          ffe61a50 jtdrive5
0100d600 pimpthr1                         ffe61ad0 jtpassen1
0100d610 pimpthr2                         ffe61b50 jtpassen2
ffe15210 pipe4                            ffe61bd0 jtpassen3
ffd3bbd0 pnklof                           ffe61c50 jtpassen4
ffe2bf80 pnkrock1                         ffe61cd0 jtpassen5
ffdfb100 porsBMOD                         ffe61d50 ytdrive1
ffd476e0 ram1                             ffe61dd0 ytpassen1
0100d640 rambbrain                        ffe61e50 jtsstdrst
0100d650 rambdrug                         ffe61ed0 jlsw4
0100d630 rambmax                          ffe61f50 ytsstdrst
ffd385c0 rambo4                           ffe61fd0 ylsw4
ffe112c0 rat                              ffe62050 P1LIFE
ffe08420 rdp2                             ffe620d0 P2LIFE
ffe0ca10 rdpalx                           ffe62150 jrpilot
ffe45680 rdrf                             ffe621d0 jrhelpas
ffe14020 realrd2                          ffe62250 jrpilohit
ffe3e710 redarm                           ffe622d0 jrhelphit
ffd36590 redbug                           ffe62350 flail1
ffd42690 redman                           ffe623d0 flail2
ffd552c0 redsafe                          ffe62450 flail3
ffdfafe0 rmanBMOD                         ffe624d0 flail4
ffe5c9d0 safdrlgr                         ffe62550 mbigblp1a
ffe5ca50 safdrrgr                         ffe6f000 STOPOBJS
ffe5c5d0 safedrlb                         ffe6f120 SHADST2
ffe5c4d0 safedrlr                         ffe6f1a0 SHADST
ffe5c3d0 safedrl                          ffe6f380 SHADUPD
ffe5c6d0 safedrlg                         ffe6f410 SHADUPD2
ffe5c650 safedrrb                         ffe6f4a0 SHADCPY
ffe5c750 safedrrg                         ffe6f5b0 SHADCPY2
ffe5c550 safedrrr                         ffe6fb90 YZSORT
ffe5c450 safedrr                          ffe6fdf0 SCRTSTG
ffe170a0 sdr                              ffe6fe20 SCRTST
ffe38660 sgn2                             ffe70040 CLIPOBJ
ffe39670 sgns                             ffe70390 OINIT
ffd4b500 skelpal                          ffe709d0 GETOBJ
ffd0bf60 skull4                           ffe70bb0 FREESOBJ
ffe60350 spk0a                            ffe70c40 FREEOBJE
ffe60550 spk0b                            ffe710d0 FREEOBJ
ffe60750 spk0c                            ffe71180 INSB2OBJ
ffe603d0 spk30a                           ffe711e0 INSBOBJ
ffe605d0 spk30b                           ffe71240 INSSOBJ
ffe607d0 spk30c                           ffe712c0 INSOBJ
ffe60450 spk60a                           ffe71460 DELB2OBJ
ffe60650 spk60b                           ffe714c0 DELBOBJ
ffe60850 spk60c                           ffe71520 DELSHAD
ffe604d0 spk90a                           ffe71600 DELSOBJ
ffe606d0 spk90b                           ffe71680 DELOBJ
ffe608d0 spk90c                           ffe719e0 PULLB2OBJ
ffe171c0 spls                             ffe71a40 PULLBOBJ
ffd0ac60 stumpskl                         ffe71aa0 PULLSOBJ
ffd0abe0 stump                            ffe71b20 PULLOBJ
ffe3a590 subpls                           ffe71d80 KILB2OBJ
ffe3b5a0 subtl                            ffe71de0 KILBOBJ
ffe0b090 tan                              ffe71e40 KILOBJ
ffd571f0 tileb                            ffe71ff0 EXISTOBJ
ffe22bf0 tileg                            ffe72220 MAKOBJ
ffe21be0 tileh                            ffe722c0 ADJSTWTL
ffe3c5b0 top                              ffe72410 ADJNEWTL
ffe37680 tpl                              ffe724e0 GSCRNREL
ffe35d60 trnnew                           ffe725e0 SCRNRELV
ffe455a0 tscrPALS                         ffe72730 GANISAG
ffe32d10 voice                            ffe728e0 STFOBJ
ffe2b070 warm3x                           ffe72ca0 GSAGOF
ffe272a0 warmwin3                         ffe72f20 ANI2
ffd387a0 warntxtp                         ffe72f60 ANI
ffe4cc20 win                              ffe73470 GETANIXY
ffe46690 win1                             ffe735a0 GANIOF
ffe48380 winlv                            ffe744c0 DISPQT
ffe26510 wrmgray3                         ffe745f0 DISPLAY
ffe61fd0 ylsw4                            ffe75800 DMAINT
ffe61d50 ytdrive1                         ffe75f40 DISPH
ffe61dd0 ytpassen1                        ffe76260 QDMA
ffe61f50 ytsstdrst                        ffe76420 QDMAN

[1953 symbols]
